Feb 26 00:16:00 frhb56441ds su[6676]: Successful su for root by root
Feb 26 00:16:00 frhb56441ds su[6676]: + ??? root:root
Feb 26 00:16:00 frhb56441ds su[6676]: pam_unix(su:session): session opened for user root by (uid=0)
Feb 26 00:16:00 frhb56441ds systemd-logind[1138]: New session c5429 of user root.
Feb 26 00:16:00 frhb56441ds systemd[1]: Started Session c5429 of user root.
Feb 26 00:16:03 frhb56441ds su[6676]: pam_unix(su:session): session closed for user root
Feb 26 00:16:03 frhb56441ds sudo[6675]: pam_unix(sudo:session): session closed for user root
Feb 26 00:16:03 frhb56441ds systemd-logind[1138]: Removed session c5429.
Feb 26 00:16:19 frhb56441ds sshd[6818]: Connection closed by 80.93.83.116 port 39376 [preauth]
Feb 26 00:16:20 frhb56441ds sshd[6820]: Connection closed by 80.93.83.116 port 39389 [preauth]
Feb 26 00:16:30 frhb56441ds sudo[6824]: telegraf : TTY=unknown ; PWD=/ ; USER=root ; COMMAND=/bin/su -c /root/solana/solFeb 26 00:16:30 frhb56441ds sudo[6824]: pam_unix(sudo:session): session opened for user root by (uid=0)
Feb 26 00:16:30 frhb56441ds su[6825]: Successful su for root by root
Feb 26 00:16:30 frhb56441ds su[6825]: + ??? root:root
Feb 26 00:16:30 frhb56441ds su[6825]: pam_unix(su:session): session opened for user root by (uid=0)
Feb 26 00:16:30 frhb56441ds systemd[1]: Started Session c5430 of user root.
Feb 26 00:16:30 frhb56441ds systemd-logind[1138]: New session c5430 of user root.
Feb 26 00:16:33 frhb56441ds su[6825]: pam_unix(su:session): session closed for user root
Feb 26 00:16:33 frhb56441ds sudo[6824]: pam_unix(sudo:session): session closed for user root
Feb 26 00:16:33 frhb56441ds systemd-logind[1138]: Removed session c5430.
Feb 26 00:16:42 frhb56441ds sshd[6993]: pam_unix(sshd:auth): authentication failure; logname= uid=0 euid=0 tty=ssh ruserFeb 26 00:16:44 frhb56441ds sshd[6991]: pam_unix(sshd:auth): authentication failure; logname= uid=0 euid=0 tty=ssh ruserFeb 26 00:16:44 frhb56441ds sshd[6993]: Failed password for root from 178.62.182.246 port 52701 ssh2
Feb 26 00:16:44 frhb56441ds sshd[6993]: Received disconnect from 178.62.182.246 port 52701:11: Bye Bye [preauth]
Feb 26 00:16:44 frhb56441ds sshd[6993]: Disconnected from authenticating user root 178.62.182.246 port 52701 [preauth]
Feb 26 00:16:47 frhb56441ds sshd[6991]: Failed password for root from 171.226.6.160 port 60832 ssh2
Feb 26 00:16:47 frhb56441ds sshd[6991]: Connection closed by authenticating user root 171.226.6.160 port 60832 [preauth]Feb 26 00:16:49 frhb56441ds sshd[6997]: pam_unix(sshd:auth): authentication failure; logname= uid=0 euid=0 tty=ssh ruserFeb 26 00:16:52 frhb56441ds sshd[6997]: Failed password for root from 116.92.219.162 port 44056 ssh2
Feb 26 00:16:52 frhb56441ds sshd[6997]: Received disconnect from 116.92.219.162 port 44056:11: Bye Bye [preauth]
Feb 26 00:16:52 frhb56441ds sshd[6997]: Disconnected from authenticating user root 116.92.219.162 port 44056 [preauth]
Feb 26 00:17:00 frhb56441ds sudo[7002]: telegraf : TTY=unknown ; PWD=/ ; USER=root ; COMMAND=/bin/su -c /root/solana/solFeb 26 00:17:00 frhb56441ds sudo[7002]: pam_unix(sudo:session): session opened for user root by (uid=0)
Feb 26 00:17:00 frhb56441ds su[7003]: Successful su for root by root
Feb 26 00:17:00 frhb56441ds su[7003]: + ??? root:root
Feb 26 00:17:00 frhb56441ds su[7003]: pam_unix(su:session): session opened for user root by (uid=0)
Feb 26 00:17:00 frhb56441ds systemd[1]: Started Session c5431 of user root.
Feb 26 00:17:00 frhb56441ds systemd-logind[1138]: New session c5431 of user root.
Feb 26 00:17:01 frhb56441ds CRON[7044]: pam_unix(cron:session): session opened for user root by (uid=0)
Feb 26 00:17:01 frhb56441ds CRON[7045]: (root) CMD (   cd / && run-parts --report /etc/cron.hourly)
Feb 26 00:17:01 frhb56441ds CRON[7044]: pam_unix(cron:session): session closed for user root
Feb 26 00:17:01 frhb56441ds sshd[7001]: pam_unix(sshd:auth): authentication failure; logname= uid=0 euid=0 tty=ssh ruserFeb 26 00:17:03 frhb56441ds su[7003]: pam_unix(su:session): session closed for user root
Feb 26 00:17:03 frhb56441ds sudo[7002]: pam_unix(sudo:session): session closed for user root
Feb 26 00:17:03 frhb56441ds systemd-logind[1138]: Removed session c5431.
Feb 26 00:17:03 frhb56441ds sshd[7001]: Failed password for root from 116.113.17.210 port 44540 ssh2
Feb 26 00:17:03 frhb56441ds sshd[7001]: Received disconnect from 116.113.17.210 port 44540:11: Bye Bye [preauth]
Feb 26 00:17:03 frhb56441ds sshd[7001]: Disconnected from authenticating user root 116.113.17.210 port 44540 [preauth]
Feb 26 00:17:06 frhb56441ds sshd[7162]: pam_unix(sshd:auth): authentication failure; logname= uid=0 euid=0 tty=ssh ruserFeb 26 00:17:08 frhb56441ds sshd[7162]: Failed password for root from 120.132.6.27 port 40759 ssh2
Feb 26 00:17:09 frhb56441ds sshd[7162]: Received disconnect from 120.132.6.27 port 40759:11: Bye Bye [preauth]
Feb 26 00:17:09 frhb56441ds sshd[7162]: Disconnected from authenticating user root 120.132.6.27 port 40759 [preauth]
Feb 26 00:17:11 frhb56441ds sshd[7164]: pam_unix(sshd:auth): authentication failure; logname= uid=0 euid=0 tty=ssh ruserFeb 26 00:17:14 frhb56441ds sshd[7164]: Failed password for root from 138.68.176.38 port 58384 ssh2
Feb 26 00:17:14 frhb56441ds sshd[7164]: Received disconnect from 138.68.176.38 port 58384:11: Bye Bye [preauth]
Feb 26 00:17:14 frhb56441ds sshd[7164]: Disconnected from authenticating user root 138.68.176.38 port 58384 [preauth]
Feb 26 00:17:19 frhb56441ds sshd[7168]: pam_unix(sshd:auth): authentication failure; logname= uid=0 euid=0 tty=ssh ruserFeb 26 00:17:20 frhb56441ds sshd[7170]: Connection closed by 80.93.83.116 port 42888 [preauth]
Feb 26 00:17:22 frhb56441ds sshd[7168]: Failed password for root from 117.196.195.60 port 1138 ssh2
Feb 26 00:17:22 frhb56441ds sshd[7168]: Received disconnect from 117.196.195.60 port 1138:11: Bye Bye [preauth]
Feb 26 00:17:22 frhb56441ds sshd[7168]: Disconnected from authenticating user root 117.196.195.60 port 1138 [preauth]
Feb 26 00:17:24 frhb56441ds sshd[7172]: pam_unix(sshd:auth): authentication failure; logname= uid=0 euid=0 tty=ssh ruserFeb 26 00:17:26 frhb56441ds sshd[7172]: Failed password for root from 1.226.12.132 port 42736 ssh2
Feb 26 00:17:26 frhb56441ds sshd[7172]: Received disconnect from 1.226.12.132 port 42736:11: Bye Bye [preauth]
Feb 26 00:17:26 frhb56441ds sshd[7172]: Disconnected from authenticating user root 1.226.12.132 port 42736 [preauth]
Feb 26 00:17:30 frhb56441ds sudo[7176]: telegraf : TTY=unknown ; PWD=/ ; USER=root ; COMMAND=/bin/su -c /root/solana/solFeb 26 00:17:30 frhb56441ds sudo[7176]: pam_unix(sudo:session): session opened for user root by (uid=0)
Feb 26 00:17:30 frhb56441ds su[7177]: Successful su for root by root
Feb 26 00:17:30 frhb56441ds su[7177]: + ??? root:root
Feb 26 00:17:30 frhb56441ds su[7177]: pam_unix(su:session): session opened for user root by (uid=0)
Feb 26 00:17:30 frhb56441ds systemd-logind[1138]: New session c5432 of user root.
Feb 26 00:17:30 frhb56441ds systemd[1]: Started Session c5432 of user root.
Feb 26 00:17:33 frhb56441ds su[7177]: pam_unix(su:session): session closed for user root
Feb 26 00:17:33 frhb56441ds sudo[7176]: pam_unix(sudo:session): session closed for user root
Feb 26 00:17:33 frhb56441ds systemd-logind[1138]: Removed session c5432.
Feb 26 00:17:34 frhb56441ds sshd[7581]: pam_unix(sshd:auth): authentication failure; logname= uid=0 euid=0 tty=ssh ruserFeb 26 00:17:37 frhb56441ds sshd[7581]: Failed password for root from 49.233.68.90 port 32285 ssh2
Feb 26 00:17:37 frhb56441ds sshd[7581]: Received disconnect from 49.233.68.90 port 32285:11: Bye Bye [preauth]
Feb 26 00:17:37 frhb56441ds sshd[7581]: Disconnected from authenticating user root 49.233.68.90 port 32285 [preauth]
Feb 26 00:17:50 frhb56441ds sshd[7600]: pam_unix(sshd:auth): authentication failure; logname= uid=0 euid=0 tty=ssh ruserFeb 26 00:17:52 frhb56441ds sshd[7600]: Failed password for root from 13.71.46.226 port 1024 ssh2
Feb 26 00:17:52 frhb56441ds sshd[7600]: Received disconnect from 13.71.46.226 port 1024:11: Bye Bye [preauth]
Feb 26 00:17:52 frhb56441ds sshd[7600]: Disconnected from authenticating user root 13.71.46.226 port 1024 [preauth]
Feb 26 00:18:00 frhb56441ds sudo[7604]: telegraf : TTY=unknown ; PWD=/ ; USER=root ; COMMAND=/bin/su -c /root/solana/solFeb 26 00:18:00 frhb56441ds sudo[7604]: pam_unix(sudo:session): session opened for user root by (uid=0)
Feb 26 00:18:00 frhb56441ds su[7605]: Successful su for root by root
Feb 26 00:18:00 frhb56441ds su[7605]: + ??? root:root
Feb 26 00:18:00 frhb56441ds su[7605]: pam_unix(su:session): session opened for user root by (uid=0)
Feb 26 00:18:00 frhb56441ds systemd-logind[1138]: New session c5433 of user root.
Feb 26 00:18:00 frhb56441ds systemd[1]: Started Session c5433 of user root.
Feb 26 00:18:00 frhb56441ds sshd[7631]: pam_unix(sshd:auth): authentication failure; logname= uid=0 euid=0 tty=ssh ruserFeb 26 00:18:02 frhb56441ds sshd[7631]: Failed password for root from 178.62.182.246 port 34302 ssh2
Feb 26 00:18:02 frhb56441ds sshd[7631]: Received disconnect from 178.62.182.246 port 34302:11: Bye Bye [preauth]
Feb 26 00:18:02 frhb56441ds sshd[7631]: Disconnected from authenticating user root 178.62.182.246 port 34302 [preauth]
Feb 26 00:18:03 frhb56441ds su[7605]: pam_unix(su:session): session closed for user root
Feb 26 00:18:03 frhb56441ds sudo[7604]: pam_unix(sudo:session): session closed for user root
Feb 26 00:18:03 frhb56441ds systemd-logind[1138]: Removed session c5433.
Feb 26 00:18:19 frhb56441ds sshd[7744]: Connection closed by 80.93.83.116 port 46342 [preauth]
Feb 26 00:18:20 frhb56441ds sshd[7746]: Connection closed by 80.93.83.116 port 46380 [preauth]
Feb 26 00:18:26 frhb56441ds sshd[7750]: pam_unix(sshd:auth): authentication failure; logname= uid=0 euid=0 tty=ssh ruserFeb 26 00:18:28 frhb56441ds sshd[7750]: Failed password for root from 42.192.37.232 port 37216 ssh2
Feb 26 00:18:28 frhb56441ds sshd[7750]: Received disconnect from 42.192.37.232 port 37216:11: Bye Bye [preauth]
Feb 26 00:18:28 frhb56441ds sshd[7750]: Disconnected from authenticating user root 42.192.37.232 port 37216 [preauth]
Feb 26 00:18:30 frhb56441ds sudo[7752]: telegraf : TTY=unknown ; PWD=/ ; USER=root ; COMMAND=/bin/su -c /root/solana/solFeb 26 00:18:30 frhb56441ds sudo[7752]: pam_unix(sudo:session): session opened for user root by (uid=0)
Feb 26 00:18:30 frhb56441ds su[7753]: Successful su for root by root
Feb 26 00:18:30 frhb56441ds su[7753]: + ??? root:root
Feb 26 00:18:30 frhb56441ds su[7753]: pam_unix(su:session): session opened for user root by (uid=0)
Feb 26 00:18:30 frhb56441ds systemd-logind[1138]: New session c5434 of user root.
Feb 26 00:18:30 frhb56441ds systemd[1]: Started Session c5434 of user root.
Feb 26 00:18:33 frhb56441ds su[7753]: pam_unix(su:session): session closed for user root
Feb 26 00:18:33 frhb56441ds sudo[7752]: pam_unix(sudo:session): session closed for user root
Feb 26 00:18:33 frhb56441ds systemd-logind[1138]: Removed session c5434.
Feb 26 00:18:44 frhb56441ds sshd[7889]: pam_unix(sshd:auth): authentication failure; logname= uid=0 euid=0 tty=ssh ruserFeb 26 00:18:45 frhb56441ds sshd[7893]: Connection closed by authenticating user root 68.183.128.56 port 55638 [preauth]Feb 26 00:18:45 frhb56441ds sshd[7895]: pam_unix(sshd:auth): authentication failure; logname= uid=0 euid=0 tty=ssh ruserFeb 26 00:18:46 frhb56441ds sshd[7889]: Failed password for root from 165.22.98.186 port 40976 ssh2
Feb 26 00:18:46 frhb56441ds sshd[7889]: Received disconnect from 165.22.98.186 port 40976:11: Bye Bye [preauth]
Feb 26 00:18:46 frhb56441ds sshd[7889]: Disconnected from authenticating user root 165.22.98.186 port 40976 [preauth]
Feb 26 00:18:47 frhb56441ds sshd[7895]: Failed password for root from 68.183.128.56 port 55668 ssh2
Feb 26 00:18:49 frhb56441ds sshd[7895]: Failed password for root from 68.183.128.56 port 55668 ssh2
Feb 26 00:18:51 frhb56441ds sshd[7895]: Failed password for root from 68.183.128.56 port 55668 ssh2
Feb 26 00:18:53 frhb56441ds sshd[7895]: Failed password for root from 68.183.128.56 port 55668 ssh2
Feb 26 00:18:53 frhb56441ds sshd[7897]: pam_unix(sshd:auth): authentication failure; logname= uid=0 euid=0 tty=ssh ruserFeb 26 00:18:55 frhb56441ds sshd[7897]: Failed password for root from 113.31.119.122 port 39708 ssh2
Feb 26 00:18:55 frhb56441ds sshd[7895]: Failed password for root from 68.183.128.56 port 55668 ssh2
Feb 26 00:18:55 frhb56441ds sshd[7897]: Received disconnect from 113.31.119.122 port 39708:11: Bye Bye [preauth]
Feb 26 00:18:55 frhb56441ds sshd[7897]: Disconnected from authenticating user root 113.31.119.122 port 39708 [preauth]
Feb 26 00:18:57 frhb56441ds sshd[7895]: Failed password for root from 68.183.128.56 port 55668 ssh2
Feb 26 00:18:57 frhb56441ds sshd[7895]: error: maximum authentication attempts exceeded for root from 68.183.128.56 portFeb 26 00:18:57 frhb56441ds sshd[7895]: Disconnecting authenticating user root 68.183.128.56 port 55668: Too many authenFeb 26 00:18:57 frhb56441ds sshd[7895]: PAM 5 more authentication failures; logname= uid=0 euid=0 tty=ssh ruser= rhost=6Feb 26 00:18:57 frhb56441ds sshd[7895]: PAM service(sshd) ignoring max retries; 6 > 3
Feb 26 00:18:58 frhb56441ds sshd[7901]: pam_unix(sshd:auth): authentication failure; logname= uid=0 euid=0 tty=ssh ruserFeb 26 00:19:00 frhb56441ds sudo[7903]: telegraf : TTY=unknown ; PWD=/ ; USER=root ; COMMAND=/bin/su -c /root/solana/solFeb 26 00:19:00 frhb56441ds sudo[7903]: pam_unix(sudo:session): session opened for user root by (uid=0)
Feb 26 00:19:00 frhb56441ds su[7904]: Successful su for root by root
Feb 26 00:19:00 frhb56441ds su[7904]: + ??? root:root
Feb 26 00:19:00 frhb56441ds su[7904]: pam_unix(su:session): session opened for user root by (uid=0)
Feb 26 00:19:00 frhb56441ds systemd-logind[1138]: New session c5435 of user root.
Feb 26 00:19:00 frhb56441ds systemd[1]: Started Session c5435 of user root.
Feb 26 00:19:00 frhb56441ds sshd[7901]: Failed password for root from 68.183.128.56 port 56498 ssh2
Feb 26 00:19:01 frhb56441ds sshd[7901]: Failed password for root from 68.183.128.56 port 56498 ssh2
Feb 26 00:19:03 frhb56441ds su[7904]: pam_unix(su:session): session closed for user root
Feb 26 00:19:03 frhb56441ds sudo[7903]: pam_unix(sudo:session): session closed for user root
Feb 26 00:19:03 frhb56441ds systemd-logind[1138]: Removed session c5435.
Feb 26 00:19:04 frhb56441ds sshd[7901]: Failed password for root from 68.183.128.56 port 56498 ssh2
Feb 26 00:19:06 frhb56441ds sshd[7901]: Failed password for root from 68.183.128.56 port 56498 ssh2
Feb 26 00:19:06 frhb56441ds sshd[8039]: pam_unix(sshd:auth): authentication failure; logname= uid=0 euid=0 tty=ssh ruserFeb 26 00:19:06 frhb56441ds sshd[8040]: pam_unix(sshd:auth): authentication failure; logname= uid=0 euid=0 tty=ssh ruserFeb 26 00:19:08 frhb56441ds sshd[8039]: Failed password for root from 1.226.12.132 port 40758 ssh2
Feb 26 00:19:08 frhb56441ds sshd[8040]: Failed password for root from 49.233.68.90 port 56363 ssh2
Feb 26 00:19:08 frhb56441ds sshd[7901]: Failed password for root from 68.183.128.56 port 56498 ssh2
Feb 26 00:19:08 frhb56441ds sshd[8039]: Received disconnect from 1.226.12.132 port 40758:11: Bye Bye [preauth]
Feb 26 00:19:08 frhb56441ds sshd[8039]: Disconnected from authenticating user root 1.226.12.132 port 40758 [preauth]
Feb 26 00:19:08 frhb56441ds sshd[8040]: Received disconnect from 49.233.68.90 port 56363:11: Bye Bye [preauth]
Feb 26 00:19:08 frhb56441ds sshd[8040]: Disconnected from authenticating user root 49.233.68.90 port 56363 [preauth]
Feb 26 00:19:10 frhb56441ds sshd[8043]: pam_unix(sshd:auth): authentication failure; logname= uid=0 euid=0 tty=ssh ruserFeb 26 00:19:10 frhb56441ds sshd[7901]: Failed password for root from 68.183.128.56 port 56498 ssh2
Feb 26 00:19:10 frhb56441ds sshd[7901]: error: maximum authentication attempts exceeded for root from 68.183.128.56 portFeb 26 00:19:10 frhb56441ds sshd[7901]: Disconnecting authenticating user root 68.183.128.56 port 56498: Too many authenFeb 26 00:19:10 frhb56441ds sshd[7901]: PAM 5 more authentication failures; logname= uid=0 euid=0 tty=ssh ruser= rhost=6Feb 26 00:19:10 frhb56441ds sshd[7901]: PAM service(sshd) ignoring max retries; 6 > 3
Feb 26 00:19:11 frhb56441ds sshd[8045]: pam_unix(sshd:auth): authentication failure; logname= uid=0 euid=0 tty=ssh ruserFeb 26 00:19:12 frhb56441ds sshd[8043]: Failed password for root from 110.172.174.249 port 60172 ssh2
Feb 26 00:19:12 frhb56441ds sshd[8043]: Received disconnect from 110.172.174.249 port 60172:11: Bye Bye [preauth]
Feb 26 00:19:12 frhb56441ds sshd[8043]: Disconnected from authenticating user root 110.172.174.249 port 60172 [preauth]
Feb 26 00:19:13 frhb56441ds sshd[8045]: Failed password for root from 68.183.128.56 port 57368 ssh2
Feb 26 00:19:15 frhb56441ds sshd[8045]: Failed password for root from 68.183.128.56 port 57368 ssh2
Feb 26 00:19:18 frhb56441ds sshd[8045]: Failed password for root from 68.183.128.56 port 57368 ssh2
Feb 26 00:19:20 frhb56441ds sshd[8045]: Failed password for root from 68.183.128.56 port 57368 ssh2
Feb 26 00:19:20 frhb56441ds sshd[8049]: Connection closed by 80.93.83.116 port 49982 [preauth]
Feb 26 00:19:20 frhb56441ds sshd[8051]: pam_unix(sshd:auth): authentication failure; logname= uid=0 euid=0 tty=ssh ruserFeb 26 00:19:22 frhb56441ds sshd[8045]: Failed password for root from 68.183.128.56 port 57368 ssh2
Feb 26 00:19:22 frhb56441ds sshd[8051]: Failed password for root from 178.62.182.246 port 44135 ssh2
Feb 26 00:19:22 frhb56441ds sshd[8051]: Received disconnect from 178.62.182.246 port 44135:11: Bye Bye [preauth]
Feb 26 00:19:22 frhb56441ds sshd[8051]: Disconnected from authenticating user root 178.62.182.246 port 44135 [preauth]
Feb 26 00:19:24 frhb56441ds sshd[8045]: Failed password for root from 68.183.128.56 port 57368 ssh2
Feb 26 00:19:24 frhb56441ds sshd[8045]: error: maximum authentication attempts exceeded for root from 68.183.128.56 portFeb 26 00:19:24 frhb56441ds sshd[8045]: Disconnecting authenticating user root 68.183.128.56 port 57368: Too many authenFeb 26 00:19:24 frhb56441ds sshd[8045]: PAM 5 more authentication failures; logname= uid=0 euid=0 tty=ssh ruser= rhost=6Feb 26 00:19:24 frhb56441ds sshd[8045]: PAM service(sshd) ignoring max retries; 6 > 3
Feb 26 00:19:24 frhb56441ds sshd[8055]: pam_unix(sshd:auth): authentication failure; logname= uid=0 euid=0 tty=ssh ruserFeb 26 00:19:26 frhb56441ds sshd[8055]: Failed password for root from 68.183.128.56 port 58236 ssh2
Feb 26 00:19:28 frhb56441ds sshd[8055]: Failed password for root from 68.183.128.56 port 58236 ssh2
Feb 26 00:19:30 frhb56441ds sudo[8057]: telegraf : TTY=unknown ; PWD=/ ; USER=root ; COMMAND=/bin/su -c /root/solana/solFeb 26 00:19:30 frhb56441ds sudo[8057]: pam_unix(sudo:session): session opened for user root by (uid=0)
Feb 26 00:19:30 frhb56441ds su[8058]: Successful su for root by root
Feb 26 00:19:30 frhb56441ds su[8058]: + ??? root:root
Feb 26 00:19:30 frhb56441ds su[8058]: pam_unix(su:session): session opened for user root by (uid=0)
Feb 26 00:19:30 frhb56441ds systemd-logind[1138]: New session c5436 of user root.
Feb 26 00:19:30 frhb56441ds systemd[1]: Started Session c5436 of user root.
Feb 26 00:19:30 frhb56441ds sshd[8055]: Failed password for root from 68.183.128.56 port 58236 ssh2
Feb 26 00:19:32 frhb56441ds sshd[8055]: Failed password for root from 68.183.128.56 port 58236 ssh2
Feb 26 00:19:33 frhb56441ds su[8058]: pam_unix(su:session): session closed for user root
Feb 26 00:19:33 frhb56441ds sudo[8057]: pam_unix(sudo:session): session closed for user root
Feb 26 00:19:33 frhb56441ds systemd-logind[1138]: Removed session c5436.
Feb 26 00:19:34 frhb56441ds sshd[8055]: Failed password for root from 68.183.128.56 port 58236 ssh2
Feb 26 00:19:36 frhb56441ds sshd[8055]: Failed password for root from 68.183.128.56 port 58236 ssh2
Feb 26 00:19:36 frhb56441ds sshd[8055]: error: maximum authentication attempts exceeded for root from 68.183.128.56 portFeb 26 00:19:36 frhb56441ds sshd[8055]: Disconnecting authenticating user root 68.183.128.56 port 58236: Too many authenFeb 26 00:19:36 frhb56441ds sshd[8055]: PAM 5 more authentication failures; logname= uid=0 euid=0 tty=ssh ruser= rhost=6Feb 26 00:19:36 frhb56441ds sshd[8055]: PAM service(sshd) ignoring max retries; 6 > 3
Feb 26 00:19:36 frhb56441ds sshd[8195]: pam_unix(sshd:auth): authentication failure; logname= uid=0 euid=0 tty=ssh ruserFeb 26 00:19:38 frhb56441ds sshd[8195]: Failed password for root from 68.183.128.56 port 59054 ssh2
Feb 26 00:19:38 frhb56441ds sshd[8198]: pam_unix(sshd:auth): authentication failure; logname= uid=0 euid=0 tty=ssh ruserFeb 26 00:19:39 frhb56441ds sshd[8197]: pam_unix(sshd:auth): authentication failure; logname= uid=0 euid=0 tty=ssh ruserFeb 26 00:19:40 frhb56441ds sshd[8198]: Failed password for root from 138.68.176.38 port 43502 ssh2
Feb 26 00:19:40 frhb56441ds sshd[8195]: Failed password for root from 68.183.128.56 port 59054 ssh2
Feb 26 00:19:40 frhb56441ds sshd[8198]: Received disconnect from 138.68.176.38 port 43502:11: Bye Bye [preauth]
Feb 26 00:19:40 frhb56441ds sshd[8198]: Disconnected from authenticating user root 138.68.176.38 port 43502 [preauth]
Feb 26 00:19:41 frhb56441ds sshd[8197]: Failed password for root from 116.113.17.210 port 32956 ssh2
Feb 26 00:19:41 frhb56441ds sshd[8197]: Received disconnect from 116.113.17.210 port 32956:11: Bye Bye [preauth]
Feb 26 00:19:41 frhb56441ds sshd[8197]: Disconnected from authenticating user root 116.113.17.210 port 32956 [preauth]
Feb 26 00:19:42 frhb56441ds sshd[8195]: Failed password for root from 68.183.128.56 port 59054 ssh2
Feb 26 00:19:42 frhb56441ds sshd[8195]: Failed password for root from 68.183.128.56 port 59054 ssh2
Feb 26 00:19:44 frhb56441ds sshd[8195]: Failed password for root from 68.183.128.56 port 59054 ssh2
Feb 26 00:19:46 frhb56441ds sshd[8195]: Failed password for root from 68.183.128.56 port 59054 ssh2
Feb 26 00:19:46 frhb56441ds sshd[8195]: error: maximum authentication attempts exceeded for root from 68.183.128.56 portFeb 26 00:19:46 frhb56441ds sshd[8195]: Disconnecting authenticating user root 68.183.128.56 port 59054: Too many authenFeb 26 00:19:46 frhb56441ds sshd[8195]: PAM 4 more authentication failures; logname= uid=0 euid=0 tty=ssh ruser= rhost=6Feb 26 00:19:46 frhb56441ds sshd[8195]: PAM service(sshd) ignoring max retries; 5 > 3
Feb 26 00:19:47 frhb56441ds sshd[8203]: pam_unix(sshd:auth): authentication failure; logname= uid=0 euid=0 tty=ssh ruserFeb 26 00:19:48 frhb56441ds sshd[8203]: Failed password for root from 68.183.128.56 port 59746 ssh2
Feb 26 00:19:50 frhb56441ds sshd[8205]: pam_unix(sshd:auth): authentication failure; logname= uid=0 euid=0 tty=ssh ruserFeb 26 00:19:50 frhb56441ds sshd[8203]: Failed password for root from 68.183.128.56 port 59746 ssh2
Feb 26 00:19:52 frhb56441ds sshd[8205]: Failed password for root from 120.132.6.27 port 60822 ssh2
Feb 26 00:19:52 frhb56441ds sshd[8203]: Failed password for root from 68.183.128.56 port 59746 ssh2
Feb 26 00:19:52 frhb56441ds sshd[8205]: Received disconnect from 120.132.6.27 port 60822:11: Bye Bye [preauth]
Feb 26 00:19:52 frhb56441ds sshd[8205]: Disconnected from authenticating user root 120.132.6.27 port 60822 [preauth]
Feb 26 00:19:54 frhb56441ds sshd[8203]: Failed password for root from 68.183.128.56 port 59746 ssh2
Feb 26 00:19:56 frhb56441ds sshd[8203]: Failed password for root from 68.183.128.56 port 59746 ssh2
Feb 26 00:19:58 frhb56441ds sshd[8203]: Failed password for root from 68.183.128.56 port 59746 ssh2
Feb 26 00:19:58 frhb56441ds sshd[8203]: error: maximum authentication attempts exceeded for root from 68.183.128.56 portFeb 26 00:19:58 frhb56441ds sshd[8203]: Disconnecting authenticating user root 68.183.128.56 port 59746: Too many authenFeb 26 00:19:58 frhb56441ds sshd[8203]: PAM 5 more authentication failures; logname= uid=0 euid=0 tty=ssh ruser= rhost=6Feb 26 00:19:58 frhb56441ds sshd[8203]: PAM service(sshd) ignoring max retries; 6 > 3
Feb 26 00:19:59 frhb56441ds sshd[8209]: pam_unix(sshd:auth): authentication failure; logname= uid=0 euid=0 tty=ssh ruserFeb 26 00:20:00 frhb56441ds sudo[8211]: telegraf : TTY=unknown ; PWD=/ ; USER=root ; COMMAND=/bin/su -c /root/solana/solFeb 26 00:20:00 frhb56441ds sudo[8211]: pam_unix(sudo:session): session opened for user root by (uid=0)
Feb 26 00:20:00 frhb56441ds systemd-logind[1138]: New session c5437 of user root.
Feb 26 00:20:00 frhb56441ds su[8213]: Successful su for root by root
Feb 26 00:20:00 frhb56441ds systemd[1]: Started Session c5437 of user root.
Feb 26 00:20:00 frhb56441ds su[8213]: + ??? root:root
Feb 26 00:20:00 frhb56441ds su[8213]: pam_unix(su:session): session opened for user root by (uid=0)
Feb 26 00:20:00 frhb56441ds sshd[8209]: Failed password for root from 68.183.128.56 port 60576 ssh2
Feb 26 00:20:02 frhb56441ds sshd[8209]: Failed password for root from 68.183.128.56 port 60576 ssh2
Feb 26 00:20:03 frhb56441ds su[8213]: pam_unix(su:session): session closed for user root
Feb 26 00:20:03 frhb56441ds sudo[8211]: pam_unix(sudo:session): session closed for user root
Feb 26 00:20:03 frhb56441ds systemd-logind[1138]: Removed session c5437.
Feb 26 00:20:04 frhb56441ds sshd[8209]: Failed password for root from 68.183.128.56 port 60576 ssh2
Feb 26 00:20:06 frhb56441ds sshd[8209]: Failed password for root from 68.183.128.56 port 60576 ssh2
Feb 26 00:20:07 frhb56441ds sshd[8209]: Failed password for root from 68.183.128.56 port 60576 ssh2
Feb 26 00:20:09 frhb56441ds sshd[8209]: Failed password for root from 68.183.128.56 port 60576 ssh2
Feb 26 00:20:09 frhb56441ds sshd[8209]: error: maximum authentication attempts exceeded for root from 68.183.128.56 portFeb 26 00:20:09 frhb56441ds sshd[8209]: Disconnecting authenticating user root 68.183.128.56 port 60576: Too many authenFeb 26 00:20:09 frhb56441ds sshd[8209]: PAM 5 more authentication failures; logname= uid=0 euid=0 tty=ssh ruser= rhost=6Feb 26 00:20:09 frhb56441ds sshd[8209]: PAM service(sshd) ignoring max retries; 6 > 3
Feb 26 00:20:10 frhb56441ds sshd[8350]: pam_unix(sshd:auth): authentication failure; logname= uid=0 euid=0 tty=ssh ruserFeb 26 00:20:12 frhb56441ds sshd[8350]: Failed password for root from 68.183.128.56 port 33112 ssh2
Feb 26 00:20:14 frhb56441ds sshd[8350]: Failed password for root from 68.183.128.56 port 33112 ssh2
Feb 26 00:20:14 frhb56441ds sshd[8354]: pam_unix(sshd:auth): authentication failure; logname= uid=0 euid=0 tty=ssh ruserFeb 26 00:20:16 frhb56441ds sshd[8350]: Failed password for root from 68.183.128.56 port 33112 ssh2
Feb 26 00:20:16 frhb56441ds sshd[8354]: Failed password for root from 117.196.195.60 port 3908 ssh2
Feb 26 00:20:16 frhb56441ds sshd[8354]: Received disconnect from 117.196.195.60 port 3908:11: Bye Bye [preauth]
Feb 26 00:20:16 frhb56441ds sshd[8354]: Disconnected from authenticating user root 117.196.195.60 port 3908 [preauth]
Feb 26 00:20:18 frhb56441ds sshd[8350]: Failed password for root from 68.183.128.56 port 33112 ssh2
Feb 26 00:20:19 frhb56441ds sshd[8356]: Connection closed by 80.93.83.116 port 53420 [preauth]
Feb 26 00:20:19 frhb56441ds sshd[8350]: Failed password for root from 68.183.128.56 port 33112 ssh2
Feb 26 00:20:20 frhb56441ds sshd[8358]: Connection closed by 80.93.83.116 port 53463 [preauth]
Feb 26 00:20:22 frhb56441ds sshd[8350]: Failed password for root from 68.183.128.56 port 33112 ssh2
Feb 26 00:20:22 frhb56441ds sshd[8350]: error: maximum authentication attempts exceeded for root from 68.183.128.56 portFeb 26 00:20:22 frhb56441ds sshd[8350]: Disconnecting authenticating user root 68.183.128.56 port 33112: Too many authenFeb 26 00:20:22 frhb56441ds sshd[8350]: PAM 5 more authentication failures; logname= uid=0 euid=0 tty=ssh ruser= rhost=6Feb 26 00:20:22 frhb56441ds sshd[8350]: PAM service(sshd) ignoring max retries; 6 > 3
Feb 26 00:20:22 frhb56441ds sshd[8360]: pam_unix(sshd:auth): authentication failure; logname= uid=0 euid=0 tty=ssh ruserFeb 26 00:20:24 frhb56441ds sshd[8360]: Failed password for root from 68.183.128.56 port 33974 ssh2
Feb 26 00:20:26 frhb56441ds sshd[8360]: Failed password for root from 68.183.128.56 port 33974 ssh2
Feb 26 00:20:28 frhb56441ds sshd[8360]: Failed password for root from 68.183.128.56 port 33974 ssh2
Feb 26 00:20:30 frhb56441ds sudo[8364]: telegraf : TTY=unknown ; PWD=/ ; USER=root ; COMMAND=/bin/su -c /root/solana/solFeb 26 00:20:30 frhb56441ds sudo[8364]: pam_unix(sudo:session): session opened for user root by (uid=0)
Feb 26 00:20:30 frhb56441ds su[8365]: Successful su for root by root
Feb 26 00:20:30 frhb56441ds su[8365]: + ??? root:root
Feb 26 00:20:30 frhb56441ds su[8365]: pam_unix(su:session): session opened for user root by (uid=0)
Feb 26 00:20:30 frhb56441ds systemd-logind[1138]: New session c5438 of user root.
Feb 26 00:20:30 frhb56441ds systemd[1]: Started Session c5438 of user root.
Feb 26 00:20:30 frhb56441ds sshd[8360]: Failed password for root from 68.183.128.56 port 33974 ssh2
Feb 26 00:20:32 frhb56441ds sshd[8360]: Failed password for root from 68.183.128.56 port 33974 ssh2
Feb 26 00:20:33 frhb56441ds su[8365]: pam_unix(su:session): session closed for user root
Feb 26 00:20:33 frhb56441ds sudo[8364]: pam_unix(sudo:session): session closed for user root
Feb 26 00:20:33 frhb56441ds systemd-logind[1138]: Removed session c5438.
Feb 26 00:20:34 frhb56441ds sshd[8360]: Failed password for root from 68.183.128.56 port 33974 ssh2
Feb 26 00:20:34 frhb56441ds sshd[8360]: error: maximum authentication attempts exceeded for root from 68.183.128.56 portFeb 26 00:20:34 frhb56441ds sshd[8360]: Disconnecting authenticating user root 68.183.128.56 port 33974: Too many authenFeb 26 00:20:34 frhb56441ds sshd[8360]: PAM 5 more authentication failures; logname= uid=0 euid=0 tty=ssh ruser= rhost=6Feb 26 00:20:34 frhb56441ds sshd[8360]: PAM service(sshd) ignoring max retries; 6 > 3
Feb 26 00:20:35 frhb56441ds sshd[8501]: pam_unix(sshd:auth): authentication failure; logname= uid=0 euid=0 tty=ssh ruserFeb 26 00:20:35 frhb56441ds sshd[8504]: pam_unix(sshd:auth): authentication failure; logname= uid=0 euid=0 tty=ssh ruserFeb 26 00:20:36 frhb56441ds sshd[8500]: pam_unix(sshd:auth): authentication failure; logname= uid=0 euid=0 tty=ssh ruserFeb 26 00:20:37 frhb56441ds sshd[8501]: Failed password for root from 68.183.128.56 port 34836 ssh2
Feb 26 00:20:37 frhb56441ds sshd[8504]: Failed password for root from 178.62.182.246 port 53969 ssh2
Feb 26 00:20:37 frhb56441ds sshd[8504]: Received disconnect from 178.62.182.246 port 53969:11: Bye Bye [preauth]
Feb 26 00:20:37 frhb56441ds sshd[8504]: Disconnected from authenticating user root 178.62.182.246 port 53969 [preauth]
Feb 26 00:20:38 frhb56441ds sshd[8500]: Failed password for root from 49.233.68.90 port 23924 ssh2
Feb 26 00:20:38 frhb56441ds sshd[8500]: Received disconnect from 49.233.68.90 port 23924:11: Bye Bye [preauth]
Feb 26 00:20:38 frhb56441ds sshd[8500]: Disconnected from authenticating user root 49.233.68.90 port 23924 [preauth]
Feb 26 00:20:38 frhb56441ds sshd[8501]: Failed password for root from 68.183.128.56 port 34836 ssh2
Feb 26 00:20:41 frhb56441ds sshd[8501]: Failed password for root from 68.183.128.56 port 34836 ssh2
Feb 26 00:20:42 frhb56441ds sshd[8501]: Failed password for root from 68.183.128.56 port 34836 ssh2
Feb 26 00:20:44 frhb56441ds sshd[8501]: Failed password for root from 68.183.128.56 port 34836 ssh2
Feb 26 00:20:46 frhb56441ds sshd[8501]: Failed password for root from 68.183.128.56 port 34836 ssh2
Feb 26 00:20:46 frhb56441ds sshd[8501]: error: maximum authentication attempts exceeded for root from 68.183.128.56 portFeb 26 00:20:46 frhb56441ds sshd[8501]: Disconnecting authenticating user root 68.183.128.56 port 34836: Too many authenFeb 26 00:20:46 frhb56441ds sshd[8501]: PAM 5 more authentication failures; logname= uid=0 euid=0 tty=ssh ruser= rhost=6Feb 26 00:20:46 frhb56441ds sshd[8501]: PAM service(sshd) ignoring max retries; 6 > 3
Feb 26 00:20:46 frhb56441ds sshd[8510]: pam_unix(sshd:auth): authentication failure; logname= uid=0 euid=0 tty=ssh ruserFeb 26 00:20:47 frhb56441ds sshd[8508]: pam_unix(sshd:auth): authentication failure; logname= uid=0 euid=0 tty=ssh ruserFeb 26 00:20:48 frhb56441ds sshd[8510]: Failed password for root from 68.183.128.56 port 35614 ssh2
Feb 26 00:20:49 frhb56441ds sshd[8508]: Failed password for root from 1.226.12.132 port 38348 ssh2
Feb 26 00:20:49 frhb56441ds sshd[8508]: Received disconnect from 1.226.12.132 port 38348:11: Bye Bye [preauth]
Feb 26 00:20:49 frhb56441ds sshd[8508]: Disconnected from authenticating user root 1.226.12.132 port 38348 [preauth]
Feb 26 00:20:50 frhb56441ds sshd[8510]: Failed password for root from 68.183.128.56 port 35614 ssh2
Feb 26 00:20:52 frhb56441ds sshd[8510]: Failed password for root from 68.183.128.56 port 35614 ssh2
Feb 26 00:20:54 frhb56441ds sshd[8510]: Failed password for root from 68.183.128.56 port 35614 ssh2
Feb 26 00:20:56 frhb56441ds sshd[8510]: Failed password for root from 68.183.128.56 port 35614 ssh2
Feb 26 00:20:59 frhb56441ds sshd[8510]: Failed password for root from 68.183.128.56 port 35614 ssh2
Feb 26 00:20:59 frhb56441ds sshd[8510]: error: maximum authentication attempts exceeded for root from 68.183.128.56 portFeb 26 00:20:59 frhb56441ds sshd[8510]: Disconnecting authenticating user root 68.183.128.56 port 35614: Too many authenFeb 26 00:20:59 frhb56441ds sshd[8510]: PAM 5 more authentication failures; logname= uid=0 euid=0 tty=ssh ruser= rhost=6Feb 26 00:20:59 frhb56441ds sshd[8510]: PAM service(sshd) ignoring max retries; 6 > 3
Feb 26 00:20:59 frhb56441ds sshd[8514]: pam_unix(sshd:auth): authentication failure; logname= uid=0 euid=0 tty=ssh ruserFeb 26 00:21:00 frhb56441ds sudo[8520]: telegraf : TTY=unknown ; PWD=/ ; USER=root ; COMMAND=/bin/su -c /root/solana/solFeb 26 00:21:00 frhb56441ds sudo[8520]: pam_unix(sudo:session): session opened for user root by (uid=0)
Feb 26 00:21:00 frhb56441ds su[8521]: Successful su for root by root
Feb 26 00:21:00 frhb56441ds su[8521]: + ??? root:root
Feb 26 00:21:00 frhb56441ds su[8521]: pam_unix(su:session): session opened for user root by (uid=0)
 ESCOD
Feb 26 00:20:19 frhb56441ds sshd[8356]: Connection closed by 80.93.83.116 port 53420 [preauth]
Feb 26 00:20:19 frhb56441ds sshd[8350]: Failed password for root from 68.183.128.56 port 33112 ssh2
Feb 26 00:20:20 frhb56441ds sshd[8358]: Connection closed by 80.93.83.116 port 53463 [preauth]
Feb 26 00:20:22 frhb56441ds sshd[8350]: Failed password for root from 68.183.128.56 port 33112 ssh2
Feb 26 00:20:22 frhb56441ds sshd[8350]: error: maximum authentication attempts exceeded for root from 68.183.128.56 portFeb 26 00:20:22 frhb56441ds sshd[8350]: Disconnecting authenticating user root 68.183.128.56 port 33112: Too many authenFeb 26 00:20:22 frhb56441ds sshd[8350]: PAM 5 more authentication failures; logname= uid=0 euid=0 tty=ssh ruser= rhost=6Feb 26 00:20:22 frhb56441ds sshd[8350]: PAM service(sshd) ignoring max retries; 6 > 3
Feb 26 00:20:22 frhb56441ds sshd[8360]: pam_unix(sshd:auth): authentication failure; logname= uid=0 euid=0 tty=ssh ruserFeb 26 00:20:24 frhb56441ds sshd[8360]: Failed password for root from 68.183.128.56 port 33974 ssh2
Feb 26 00:20:26 frhb56441ds sshd[8360]: Failed password for root from 68.183.128.56 port 33974 ssh2
Feb 26 00:20:28 frhb56441ds sshd[8360]: Failed password for root from 68.183.128.56 port 33974 ssh2
Feb 26 00:20:30 frhb56441ds sudo[8364]: telegraf : TTY=unknown ; PWD=/ ; USER=root ; COMMAND=/bin/su -c /root/solana/solFeb 26 00:20:30 frhb56441ds sudo[8364]: pam_unix(sudo:session): session opened for user root by (uid=0)
Feb 26 00:20:30 frhb56441ds su[8365]: Successful su for root by root
Feb 26 00:20:30 frhb56441ds su[8365]: + ??? root:root
Feb 26 00:20:30 frhb56441ds su[8365]: pam_unix(su:session): session opened for user root by (uid=0)
Feb 26 00:20:30 frhb56441ds systemd-logind[1138]: New session c5438 of user root.
Feb 26 00:20:30 frhb56441ds systemd[1]: Started Session c5438 of user root.
Feb 26 00:20:30 frhb56441ds sshd[8360]: Failed password for root from 68.183.128.56 port 33974 ssh2
Feb 26 00:20:32 frhb56441ds sshd[8360]: Failed password for root from 68.183.128.56 port 33974 ssh2
Feb 26 00:20:33 frhb56441ds su[8365]: pam_unix(su:session): session closed for user root
Feb 26 00:20:33 frhb56441ds sudo[8364]: pam_unix(sudo:session): session closed for user root
Feb 26 00:20:33 frhb56441ds systemd-logind[1138]: Removed session c5438.
Feb 26 00:20:34 frhb56441ds sshd[8360]: Failed password for root from 68.183.128.56 port 33974 ssh2
Feb 26 00:20:34 frhb56441ds sshd[8360]: error: maximum authentication attempts exceeded for root from 68.183.128.56 portFeb 26 00:20:34 frhb56441ds sshd[8360]: Disconnecting authenticating user root 68.183.128.56 port 33974: Too many authenFeb 26 00:20:34 frhb56441ds sshd[8360]: PAM 5 more authentication failures; logname= uid=0 euid=0 tty=ssh ruser= rhost=6Feb 26 00:20:34 frhb56441ds sshd[8360]: PAM service(sshd) ignoring max retries; 6 > 3
Feb 26 00:20:35 frhb56441ds sshd[8501]: pam_unix(sshd:auth): authentication failure; logname= uid=0 euid=0 tty=ssh ruserFeb 26 00:20:35 frhb56441ds sshd[8504]: pam_unix(sshd:auth): authentication failure; logname= uid=0 euid=0 tty=ssh ruserFeb 26 00:20:36 frhb56441ds sshd[8500]: pam_unix(sshd:auth): authentication failure; logname= uid=0 euid=0 tty=ssh ruserFeb 26 00:20:37 frhb56441ds sshd[8501]: Failed password for root from 68.183.128.56 port 34836 ssh2
Feb 26 00:20:37 frhb56441ds sshd[8504]: Failed password for root from 178.62.182.246 port 53969 ssh2
Feb 26 00:20:37 frhb56441ds sshd[8504]: Received disconnect from 178.62.182.246 port 53969:11: Bye Bye [preauth]
Feb 26 00:20:37 frhb56441ds sshd[8504]: Disconnected from authenticating user root 178.62.182.246 port 53969 [preauth]
Feb 26 00:20:38 frhb56441ds sshd[8500]: Failed password for root from 49.233.68.90 port 23924 ssh2
Feb 26 00:20:38 frhb56441ds sshd[8500]: Received disconnect from 49.233.68.90 port 23924:11: Bye Bye [preauth]
Feb 26 00:20:38 frhb56441ds sshd[8500]: Disconnected from authenticating user root 49.233.68.90 port 23924 [preauth]
Feb 26 00:20:38 frhb56441ds sshd[8501]: Failed password for root from 68.183.128.56 port 34836 ssh2
Feb 26 00:20:41 frhb56441ds sshd[8501]: Failed password for root from 68.183.128.56 port 34836 ssh2
Feb 26 00:20:42 frhb56441ds sshd[8501]: Failed password for root from 68.183.128.56 port 34836 ssh2
Feb 26 00:20:44 frhb56441ds sshd[8501]: Failed password for root from 68.183.128.56 port 34836 ssh2
Feb 26 00:20:46 frhb56441ds sshd[8501]: Failed password for root from 68.183.128.56 port 34836 ssh2
Feb 26 00:20:46 frhb56441ds sshd[8501]: error: maximum authentication attempts exceeded for root from 68.183.128.56 portFeb 26 00:20:46 frhb56441ds sshd[8501]: Disconnecting authenticating user root 68.183.128.56 port 34836: Too many authenFeb 26 00:20:46 frhb56441ds sshd[8501]: PAM 5 more authentication failures; logname= uid=0 euid=0 tty=ssh ruser= rhost=6Feb 26 00:20:46 frhb56441ds sshd[8501]: PAM service(sshd) ignoring max retries; 6 > 3
Feb 26 00:20:46 frhb56441ds sshd[8510]: pam_unix(sshd:auth): authentication failure; logname= uid=0 euid=0 tty=ssh ruserFeb 26 00:20:47 frhb56441ds sshd[8508]: pam_unix(sshd:auth): authentication failure; logname= uid=0 euid=0 tty=ssh ruserFeb 26 00:20:48 frhb56441ds sshd[8510]: Failed password for root from 68.183.128.56 port 35614 ssh2
Feb 26 00:20:49 frhb56441ds sshd[8508]: Failed password for root from 1.226.12.132 port 38348 ssh2
Feb 26 00:20:49 frhb56441ds sshd[8508]: Received disconnect from 1.226.12.132 port 38348:11: Bye Bye [preauth]
Feb 26 00:20:49 frhb56441ds sshd[8508]: Disconnected from authenticating user root 1.226.12.132 port 38348 [preauth]
Feb 26 00:20:50 frhb56441ds sshd[8510]: Failed password for root from 68.183.128.56 port 35614 ssh2
Feb 26 00:20:52 frhb56441ds sshd[8510]: Failed password for root from 68.183.128.56 port 35614 ssh2
Feb 26 00:20:54 frhb56441ds sshd[8510]: Failed password for root from 68.183.128.56 port 35614 ssh2
Feb 26 00:20:56 frhb56441ds sshd[8510]: Failed password for root from 68.183.128.56 port 35614 ssh2
Feb 26 00:20:59 frhb56441ds sshd[8510]: Failed password for root from 68.183.128.56 port 35614 ssh2
Feb 26 00:20:59 frhb56441ds sshd[8510]: error: maximum authentication attempts exceeded for root from 68.183.128.56 portFeb 26 00:20:59 frhb56441ds sshd[8510]: Disconnecting authenticating user root 68.183.128.56 port 35614: Too many authenFeb 26 00:20:59 frhb56441ds sshd[8510]: PAM 5 more authentication failures; logname= uid=0 euid=0 tty=ssh ruser= rhost=6Feb 26 00:20:59 frhb56441ds sshd[8510]: PAM service(sshd) ignoring max retries; 6 > 3
Feb 26 00:20:59 frhb56441ds sshd[8514]: pam_unix(sshd:auth): authentication failure; logname= uid=0 euid=0 tty=ssh ruserFeb 26 00:21:00 frhb56441ds sudo[8520]: telegraf : TTY=unknown ; PWD=/ ; USER=root ; COMMAND=/bin/su -c /root/solana/solFeb 26 00:21:00 frhb56441ds sudo[8520]: pam_unix(sudo:session): session opened for user root by (uid=0)
Feb 26 00:21:00 frhb56441ds su[8521]: Successful su for root by root
Feb 26 00:21:00 frhb56441ds su[8521]: + ??? root:root
Feb 26 00:21:00 frhb56441ds su[8521]: pam_unix(su:session): session opened for user root by (uid=0)
 ESCOD
Feb 26 00:20:19 frhb56441ds sshd[8356]: Connection closed by 80.93.83.116 port 53420 [preauth]
Feb 26 00:20:19 frhb56441ds sshd[8350]: Failed password for root from 68.183.128.56 port 33112 ssh2
Feb 26 00:20:20 frhb56441ds sshd[8358]: Connection closed by 80.93.83.116 port 53463 [preauth]
Feb 26 00:20:22 frhb56441ds sshd[8350]: Failed password for root from 68.183.128.56 port 33112 ssh2
Feb 26 00:20:22 frhb56441ds sshd[8350]: error: maximum authentication attempts exceeded for root from 68.183.128.56 portFeb 26 00:20:22 frhb56441ds sshd[8350]: Disconnecting authenticating user root 68.183.128.56 port 33112: Too many authenFeb 26 00:20:22 frhb56441ds sshd[8350]: PAM 5 more authentication failures; logname= uid=0 euid=0 tty=ssh ruser= rhost=6Feb 26 00:20:22 frhb56441ds sshd[8350]: PAM service(sshd) ignoring max retries; 6 > 3
Feb 26 00:20:22 frhb56441ds sshd[8360]: pam_unix(sshd:auth): authentication failure; logname= uid=0 euid=0 tty=ssh ruserFeb 26 00:20:24 frhb56441ds sshd[8360]: Failed password for root from 68.183.128.56 port 33974 ssh2
Feb 26 00:20:26 frhb56441ds sshd[8360]: Failed password for root from 68.183.128.56 port 33974 ssh2
Feb 26 00:20:28 frhb56441ds sshd[8360]: Failed password for root from 68.183.128.56 port 33974 ssh2
Feb 26 00:20:30 frhb56441ds sudo[8364]: telegraf : TTY=unknown ; PWD=/ ; USER=root ; COMMAND=/bin/su -c /root/solana/solFeb 26 00:20:30 frhb56441ds sudo[8364]: pam_unix(sudo:session): session opened for user root by (uid=0)
Feb 26 00:20:30 frhb56441ds su[8365]: Successful su for root by root
Feb 26 00:20:30 frhb56441ds su[8365]: + ??? root:root
Feb 26 00:20:30 frhb56441ds su[8365]: pam_unix(su:session): session opened for user root by (uid=0)
Feb 26 00:20:30 frhb56441ds systemd-logind[1138]: New session c5438 of user root.
Feb 26 00:20:30 frhb56441ds systemd[1]: Started Session c5438 of user root.
Feb 26 00:20:30 frhb56441ds sshd[8360]: Failed password for root from 68.183.128.56 port 33974 ssh2
Feb 26 00:20:32 frhb56441ds sshd[8360]: Failed password for root from 68.183.128.56 port 33974 ssh2
Feb 26 00:20:33 frhb56441ds su[8365]: pam_unix(su:session): session closed for user root
Feb 26 00:20:33 frhb56441ds sudo[8364]: pam_unix(sudo:session): session closed for user root
Feb 26 00:20:33 frhb56441ds systemd-logind[1138]: Removed session c5438.
Feb 26 00:20:34 frhb56441ds sshd[8360]: Failed password for root from 68.183.128.56 port 33974 ssh2
Feb 26 00:20:34 frhb56441ds sshd[8360]: error: maximum authentication attempts exceeded for root from 68.183.128.56 portFeb 26 00:20:34 frhb56441ds sshd[8360]: Disconnecting authenticating user root 68.183.128.56 port 33974: Too many authenFeb 26 00:20:34 frhb56441ds sshd[8360]: PAM 5 more authentication failures; logname= uid=0 euid=0 tty=ssh ruser= rhost=6Feb 26 00:20:34 frhb56441ds sshd[8360]: PAM service(sshd) ignoring max retries; 6 > 3
Feb 26 00:20:35 frhb56441ds sshd[8501]: pam_unix(sshd:auth): authentication failure; logname= uid=0 euid=0 tty=ssh ruserFeb 26 00:20:35 frhb56441ds sshd[8504]: pam_unix(sshd:auth): authentication failure; logname= uid=0 euid=0 tty=ssh ruserFeb 26 00:20:36 frhb56441ds sshd[8500]: pam_unix(sshd:auth): authentication failure; logname= uid=0 euid=0 tty=ssh ruserFeb 26 00:20:37 frhb56441ds sshd[8501]: Failed password for root from 68.183.128.56 port 34836 ssh2
Feb 26 00:20:37 frhb56441ds sshd[8504]: Failed password for root from 178.62.182.246 port 53969 ssh2
Feb 26 00:20:37 frhb56441ds sshd[8504]: Received disconnect from 178.62.182.246 port 53969:11: Bye Bye [preauth]
Feb 26 00:20:37 frhb56441ds sshd[8504]: Disconnected from authenticating user root 178.62.182.246 port 53969 [preauth]
Feb 26 00:20:38 frhb56441ds sshd[8500]: Failed password for root from 49.233.68.90 port 23924 ssh2
Feb 26 00:20:38 frhb56441ds sshd[8500]: Received disconnect from 49.233.68.90 port 23924:11: Bye Bye [preauth]
Feb 26 00:20:38 frhb56441ds sshd[8500]: Disconnected from authenticating user root 49.233.68.90 port 23924 [preauth]
Feb 26 00:20:38 frhb56441ds sshd[8501]: Failed password for root from 68.183.128.56 port 34836 ssh2
Feb 26 00:20:41 frhb56441ds sshd[8501]: Failed password for root from 68.183.128.56 port 34836 ssh2
Feb 26 00:20:42 frhb56441ds sshd[8501]: Failed password for root from 68.183.128.56 port 34836 ssh2
Feb 26 00:20:44 frhb56441ds sshd[8501]: Failed password for root from 68.183.128.56 port 34836 ssh2
Feb 26 00:20:46 frhb56441ds sshd[8501]: Failed password for root from 68.183.128.56 port 34836 ssh2
Feb 26 00:20:46 frhb56441ds sshd[8501]: error: maximum authentication attempts exceeded for root from 68.183.128.56 portFeb 26 00:20:46 frhb56441ds sshd[8501]: Disconnecting authenticating user root 68.183.128.56 port 34836: Too many authenFeb 26 00:20:46 frhb56441ds sshd[8501]: PAM 5 more authentication failures; logname= uid=0 euid=0 tty=ssh ruser= rhost=6Feb 26 00:20:46 frhb56441ds sshd[8501]: PAM service(sshd) ignoring max retries; 6 > 3
Feb 26 00:20:46 frhb56441ds sshd[8510]: pam_unix(sshd:auth): authentication failure; logname= uid=0 euid=0 tty=ssh ruserFeb 26 00:20:47 frhb56441ds sshd[8508]: pam_unix(sshd:auth): authentication failure; logname= uid=0 euid=0 tty=ssh ruserFeb 26 00:20:48 frhb56441ds sshd[8510]: Failed password for root from 68.183.128.56 port 35614 ssh2
Feb 26 00:20:49 frhb56441ds sshd[8508]: Failed password for root from 1.226.12.132 port 38348 ssh2
Feb 26 00:20:49 frhb56441ds sshd[8508]: Received disconnect from 1.226.12.132 port 38348:11: Bye Bye [preauth]
Feb 26 00:20:49 frhb56441ds sshd[8508]: Disconnected from authenticating user root 1.226.12.132 port 38348 [preauth]
Feb 26 00:20:50 frhb56441ds sshd[8510]: Failed password for root from 68.183.128.56 port 35614 ssh2
Feb 26 00:20:52 frhb56441ds sshd[8510]: Failed password for root from 68.183.128.56 port 35614 ssh2
Feb 26 00:20:54 frhb56441ds sshd[8510]: Failed password for root from 68.183.128.56 port 35614 ssh2
Feb 26 00:20:56 frhb56441ds sshd[8510]: Failed password for root from 68.183.128.56 port 35614 ssh2
Feb 26 00:20:59 frhb56441ds sshd[8510]: Failed password for root from 68.183.128.56 port 35614 ssh2
Feb 26 00:20:59 frhb56441ds sshd[8510]: error: maximum authentication attempts exceeded for root from 68.183.128.56 portFeb 26 00:20:59 frhb56441ds sshd[8510]: Disconnecting authenticating user root 68.183.128.56 port 35614: Too many authenFeb 26 00:20:59 frhb56441ds sshd[8510]: PAM 5 more authentication failures; logname= uid=0 euid=0 tty=ssh ruser= rhost=6Feb 26 00:20:59 frhb56441ds sshd[8510]: PAM service(sshd) ignoring max retries; 6 > 3
Feb 26 00:20:59 frhb56441ds sshd[8514]: pam_unix(sshd:auth): authentication failure; logname= uid=0 euid=0 tty=ssh ruserFeb 26 00:21:00 frhb56441ds sudo[8520]: telegraf : TTY=unknown ; PWD=/ ; USER=root ; COMMAND=/bin/su -c /root/solana/solFeb 26 00:21:00 frhb56441ds sudo[8520]: pam_unix(sudo:session): session opened for user root by (uid=0)
Feb 26 00:21:00 frhb56441ds su[8521]: Successful su for root by root
Feb 26 00:21:00 frhb56441ds su[8521]: + ??? root:root
Feb 26 00:21:00 frhb56441ds su[8521]: pam_unix(su:session): session opened for user root by (uid=0)
Feb 26 00:21:00 frhb56441ds systemd[1]: Started Session c5439 of user root.
Feb 26 00:21:00 frhb56441ds systemd-logind[1138]: New session c5439 of user root.
Feb 26 00:21:00 frhb56441ds sshd[8517]: pam_unix(sshd:auth): authentication failure; logname= uid=0 euid=0 tty=ssh ruserFeb 26 00:21:00 frhb56441ds sshd[8516]: pam_unix(sshd:auth): authentication failure; logname= uid=0 euid=0 tty=ssh ruserFeb 26 00:21:01 frhb56441ds sshd[8514]: Failed password for root from 13.71.46.226 port 1024 ssh2
Feb 26 00:21:01 frhb56441ds sshd[8514]: Received disconnect from 13.71.46.226 port 1024:11: Bye Bye [preauth]
Feb 26 00:21:01 frhb56441ds sshd[8514]: Disconnected from authenticating user root 13.71.46.226 port 1024 [preauth]
Feb 26 00:21:01 frhb56441ds sshd[8517]: Failed password for root from 68.183.128.56 port 36494 ssh2
Feb 26 00:21:02 frhb56441ds sshd[8516]: Failed password for root from 116.92.219.162 port 53342 ssh2
Feb 26 00:21:02 frhb56441ds sshd[8516]: Received disconnect from 116.92.219.162 port 53342:11: Bye Bye [preauth]
Feb 26 00:21:02 frhb56441ds sshd[8516]: Disconnected from authenticating user root 116.92.219.162 port 53342 [preauth]
Feb 26 00:21:03 frhb56441ds su[8521]: pam_unix(su:session): session closed for user root
Feb 26 00:21:03 frhb56441ds sudo[8520]: pam_unix(sudo:session): session closed for user root
Feb 26 00:21:03 frhb56441ds systemd-logind[1138]: Removed session c5439.
Feb 26 00:21:03 frhb56441ds sshd[8517]: Failed password for root from 68.183.128.56 port 36494 ssh2
Feb 26 00:21:05 frhb56441ds sshd[8517]: Failed password for root from 68.183.128.56 port 36494 ssh2
