Feb 26 00:26:19 frhb56441ds sshd[10183]: Failed password for root from 68.183.128.56 port 55632 ssh2
Feb 26 00:26:19 frhb56441ds sshd[10187]: Connection closed by 80.93.83.116 port 46239 [preauth]
Feb 26 00:26:20 frhb56441ds sshd[10189]: Connection closed by 80.93.83.116 port 46273 [preauth]
Feb 26 00:26:21 frhb56441ds sshd[10183]: Failed password for root from 68.183.128.56 port 55632 ssh2
Feb 26 00:26:23 frhb56441ds sshd[10183]: Failed password for root from 68.183.128.56 port 55632 ssh2
Feb 26 00:26:23 frhb56441ds sshd[10183]: error: maximum authentication attempts exceeded for root from 68.183.128.56 porFeb 26 00:26:23 frhb56441ds sshd[10183]: Disconnecting authenticating user root 68.183.128.56 port 55632: Too many autheFeb 26 00:26:23 frhb56441ds sshd[10183]: PAM 5 more authentication failures; logname= uid=0 euid=0 tty=ssh ruser= rhost=Feb 26 00:26:23 frhb56441ds sshd[10183]: PAM service(sshd) ignoring max retries; 6 > 3
Feb 26 00:26:24 frhb56441ds sshd[10195]: pam_unix(sshd:auth): authentication failure; logname= uid=0 euid=0 tty=ssh ruseFeb 26 00:26:24 frhb56441ds sshd[10193]: pam_unix(sshd:auth): authentication failure; logname= uid=0 euid=0 tty=ssh ruseFeb 26 00:26:25 frhb56441ds sshd[10197]: pam_unix(sshd:auth): authentication failure; logname= uid=0 euid=0 tty=ssh ruseFeb 26 00:26:25 frhb56441ds sshd[10195]: Failed password for root from 68.183.128.56 port 56464 ssh2
Feb 26 00:26:26 frhb56441ds sshd[10193]: Failed password for root from 123.155.214.241 port 35301 ssh2
Feb 26 00:26:26 frhb56441ds sshd[10193]: Received disconnect from 123.155.214.241 port 35301:11: Bye Bye [preauth]
Feb 26 00:26:26 frhb56441ds sshd[10193]: Disconnected from authenticating user root 123.155.214.241 port 35301 [preauth]Feb 26 00:26:27 frhb56441ds sshd[10197]: Failed password for root from 42.192.37.232 port 49738 ssh2
Feb 26 00:26:27 frhb56441ds sshd[10197]: Received disconnect from 42.192.37.232 port 49738:11: Bye Bye [preauth]
Feb 26 00:26:27 frhb56441ds sshd[10197]: Disconnected from authenticating user root 42.192.37.232 port 49738 [preauth]
Feb 26 00:26:28 frhb56441ds sshd[10195]: Failed password for root from 68.183.128.56 port 56464 ssh2
Feb 26 00:26:30 frhb56441ds sudo[10199]: telegraf : TTY=unknown ; PWD=/ ; USER=root ; COMMAND=/bin/su -c /root/solana/soFeb 26 00:26:30 frhb56441ds sudo[10199]: pam_unix(sudo:session): session opened for user root by (uid=0)
Feb 26 00:26:30 frhb56441ds su[10200]: Successful su for root by root
Feb 26 00:26:30 frhb56441ds su[10200]: + ??? root:root
Feb 26 00:26:30 frhb56441ds su[10200]: pam_unix(su:session): session opened for user root by (uid=0)
Feb 26 00:26:30 frhb56441ds systemd-logind[1138]: New session c5450 of user root.
Feb 26 00:26:30 frhb56441ds systemd[1]: Started Session c5450 of user root.
Feb 26 00:26:30 frhb56441ds sshd[10195]: Failed password for root from 68.183.128.56 port 56464 ssh2
Feb 26 00:26:31 frhb56441ds sshd[10195]: Failed password for root from 68.183.128.56 port 56464 ssh2
Feb 26 00:26:33 frhb56441ds su[10200]: pam_unix(su:session): session closed for user root
Feb 26 00:26:33 frhb56441ds sudo[10199]: pam_unix(sudo:session): session closed for user root
Feb 26 00:26:33 frhb56441ds systemd-logind[1138]: Removed session c5450.
Feb 26 00:26:33 frhb56441ds sshd[10195]: Failed password for root from 68.183.128.56 port 56464 ssh2
Feb 26 00:26:35 frhb56441ds sshd[10195]: Failed password for root from 68.183.128.56 port 56464 ssh2
Feb 26 00:26:35 frhb56441ds sshd[10195]: error: maximum authentication attempts exceeded for root from 68.183.128.56 porFeb 26 00:26:35 frhb56441ds sshd[10195]: Disconnecting authenticating user root 68.183.128.56 port 56464: Too many autheFeb 26 00:26:35 frhb56441ds sshd[10195]: PAM 5 more authentication failures; logname= uid=0 euid=0 tty=ssh ruser= rhost=Feb 26 00:26:35 frhb56441ds sshd[10195]: PAM service(sshd) ignoring max retries; 6 > 3
Feb 26 00:26:36 frhb56441ds sshd[10335]: pam_unix(sshd:auth): authentication failure; logname= uid=0 euid=0 tty=ssh ruseFeb 26 00:26:37 frhb56441ds sshd[10335]: Failed password for root from 68.183.128.56 port 57296 ssh2
Feb 26 00:26:39 frhb56441ds sshd[10335]: Failed password for root from 68.183.128.56 port 57296 ssh2
Feb 26 00:26:42 frhb56441ds sshd[10335]: Failed password for root from 68.183.128.56 port 57296 ssh2
Feb 26 00:26:42 frhb56441ds sshd[10337]: pam_unix(sshd:auth): authentication failure; logname= uid=0 euid=0 tty=ssh ruseFeb 26 00:26:43 frhb56441ds sshd[10335]: Failed password for root from 68.183.128.56 port 57296 ssh2
Feb 26 00:26:43 frhb56441ds sshd[10337]: Failed password for root from 138.68.176.38 port 55324 ssh2
Feb 26 00:26:43 frhb56441ds sshd[10337]: Received disconnect from 138.68.176.38 port 55324:11: Bye Bye [preauth]
Feb 26 00:26:43 frhb56441ds sshd[10337]: Disconnected from authenticating user root 138.68.176.38 port 55324 [preauth]
Feb 26 00:26:45 frhb56441ds sshd[10335]: Failed password for root from 68.183.128.56 port 57296 ssh2
Feb 26 00:26:46 frhb56441ds sshd[10341]: pam_unix(sshd:auth): authentication failure; logname= uid=0 euid=0 tty=ssh ruseFeb 26 00:26:47 frhb56441ds sshd[10335]: Failed password for root from 68.183.128.56 port 57296 ssh2
Feb 26 00:26:47 frhb56441ds sshd[10335]: error: maximum authentication attempts exceeded for root from 68.183.128.56 porFeb 26 00:26:47 frhb56441ds sshd[10335]: Disconnecting authenticating user root 68.183.128.56 port 57296: Too many autheFeb 26 00:26:47 frhb56441ds sshd[10335]: PAM 5 more authentication failures; logname= uid=0 euid=0 tty=ssh ruser= rhost=Feb 26 00:26:47 frhb56441ds sshd[10335]: PAM service(sshd) ignoring max retries; 6 > 3
Feb 26 00:26:48 frhb56441ds sshd[10341]: Failed password for root from 182.254.151.2 port 37000 ssh2
Feb 26 00:26:48 frhb56441ds sshd[10341]: Received disconnect from 182.254.151.2 port 37000:11: Bye Bye [preauth]
Feb 26 00:26:48 frhb56441ds sshd[10341]: Disconnected from authenticating user root 182.254.151.2 port 37000 [preauth]
Feb 26 00:26:48 frhb56441ds sshd[10343]: pam_unix(sshd:auth): authentication failure; logname= uid=0 euid=0 tty=ssh ruseFeb 26 00:26:50 frhb56441ds systemd[1]: Stopping Solana TdS node...
Feb 26 00:26:50 frhb56441ds sshd[10343]: Failed password for root from 68.183.128.56 port 58152 ssh2
Feb 26 00:26:51 frhb56441ds systemd[1]: solana.service: Main process exited, code=dumped, status=3/QUIT
Feb 26 00:26:51 frhb56441ds systemd[1]: solana.service: Failed with result 'core-dump'.
Feb 26 00:26:51 frhb56441ds systemd[1]: Stopped Solana TdS node.
Feb 26 00:26:51 frhb56441ds systemd[1]: Started Solana TdS node.
Feb 26 00:26:51 frhb56441ds solana-validator[10350]: log file: /root/solana/solana.log
Feb 26 00:26:52 frhb56441ds sshd[10343]: Failed password for root from 68.183.128.56 port 58152 ssh2
Feb 26 00:26:54 frhb56441ds sshd[10343]: Failed password for root from 68.183.128.56 port 58152 ssh2
Feb 26 00:26:56 frhb56441ds sshd[10343]: Failed password for root from 68.183.128.56 port 58152 ssh2
Feb 26 00:26:58 frhb56441ds sshd[10343]: Failed password for root from 68.183.128.56 port 58152 ssh2
Feb 26 00:26:59 frhb56441ds sshd[10395]: pam_unix(sshd:auth): authentication failure; logname= uid=0 euid=0 tty=ssh ruseFeb 26 00:27:00 frhb56441ds sudo[10586]: telegraf : TTY=unknown ; PWD=/ ; USER=root ; COMMAND=/bin/su -c /root/solana/soFeb 26 00:27:00 frhb56441ds sudo[10586]: pam_unix(sudo:session): session opened for user root by (uid=0)
Feb 26 00:27:00 frhb56441ds su[10587]: Successful su for root by root
Feb 26 00:27:00 frhb56441ds su[10587]: + ??? root:root
Feb 26 00:27:00 frhb56441ds su[10587]: pam_unix(su:session): session opened for user root by (uid=0)
Feb 26 00:27:00 frhb56441ds systemd-logind[1138]: New session c5451 of user root.
Feb 26 00:27:00 frhb56441ds systemd[1]: Started Session c5451 of user root.
Feb 26 00:27:00 frhb56441ds su[10587]: pam_unix(su:session): session closed for user root
Feb 26 00:27:00 frhb56441ds sudo[10586]: pam_unix(sudo:session): session closed for user root
Feb 26 00:27:00 frhb56441ds telegraf[24128]: 2021-02-25T23:27:00Z E! [inputs.exec] Error in plugin: exec: exit status 1
Feb 26 00:27:00 frhb56441ds systemd-logind[1138]: Removed session c5451.
Feb 26 00:27:00 frhb56441ds sshd[10343]: Failed password for root from 68.183.128.56 port 58152 ssh2
Feb 26 00:27:00 frhb56441ds sshd[10343]: error: maximum authentication attempts exceeded for root from 68.183.128.56 porFeb 26 00:27:00 frhb56441ds sshd[10343]: Disconnecting authenticating user root 68.183.128.56 port 58152: Too many autheFeb 26 00:27:00 frhb56441ds sshd[10343]: PAM 5 more authentication failures; logname= uid=0 euid=0 tty=ssh ruser= rhost=Feb 26 00:27:00 frhb56441ds sshd[10343]: PAM service(sshd) ignoring max retries; 6 > 3
Feb 26 00:27:00 frhb56441ds sshd[10702]: pam_unix(sshd:auth): authentication failure; logname= uid=0 euid=0 tty=ssh ruseFeb 26 00:27:01 frhb56441ds sshd[10398]: pam_unix(sshd:auth): authentication failure; logname= uid=0 euid=0 tty=ssh ruseFeb 26 00:27:02 frhb56441ds sshd[10395]: Failed password for root from 49.233.68.90 port 63765 ssh2
Feb 26 00:27:02 frhb56441ds sshd[10395]: Received disconnect from 49.233.68.90 port 63765:11: Bye Bye [preauth]
Feb 26 00:27:02 frhb56441ds sshd[10395]: Disconnected from authenticating user root 49.233.68.90 port 63765 [preauth]
Feb 26 00:27:02 frhb56441ds sshd[10398]: Failed password for root from 178.62.182.246 port 46671 ssh2
Feb 26 00:27:02 frhb56441ds sshd[10398]: Received disconnect from 178.62.182.246 port 46671:11: Bye Bye [preauth]
Feb 26 00:27:02 frhb56441ds sshd[10398]: Disconnected from authenticating user root 178.62.182.246 port 46671 [preauth]
Feb 26 00:27:02 frhb56441ds sshd[10702]: Failed password for root from 68.183.128.56 port 58990 ssh2
Feb 26 00:27:04 frhb56441ds sshd[10702]: Failed password for root from 68.183.128.56 port 58990 ssh2
Feb 26 00:27:07 frhb56441ds sshd[10702]: Failed password for root from 68.183.128.56 port 58990 ssh2
Feb 26 00:27:09 frhb56441ds sshd[10702]: Failed password for root from 68.183.128.56 port 58990 ssh2
Feb 26 00:27:10 frhb56441ds sshd[10702]: Failed password for root from 68.183.128.56 port 58990 ssh2
Feb 26 00:25:14 frhb56441ds sshd[9879]: pam_unix(sshd:auth): authentication failure; logname= uid=0 euid=0 tty=ssh ruserFeb 26 00:25:14 frhb56441ds sshd[9868]: Received disconnect from 116.92.219.162 port 34386:11: Bye Bye [preauth]
Feb 26 00:25:14 frhb56441ds sshd[9868]: Disconnected from authenticating user root 116.92.219.162 port 34386 [preauth]
Feb 26 00:25:15 frhb56441ds sshd[9870]: Failed password for root from 68.183.128.56 port 51636 ssh2
Feb 26 00:25:15 frhb56441ds sshd[9879]: Failed password for root from 120.132.6.27 port 44488 ssh2
Feb 26 00:25:15 frhb56441ds sshd[9879]: Received disconnect from 120.132.6.27 port 44488:11: Bye Bye [preauth]
Feb 26 00:25:15 frhb56441ds sshd[9879]: Disconnected from authenticating user root 120.132.6.27 port 44488 [preauth]
Feb 26 00:25:17 frhb56441ds sshd[9870]: Failed password for root from 68.183.128.56 port 51636 ssh2
Feb 26 00:25:19 frhb56441ds sshd[9870]: Failed password for root from 68.183.128.56 port 51636 ssh2
Feb 26 00:25:20 frhb56441ds sshd[9881]: Connection closed by 80.93.83.116 port 42798 [preauth]
Feb 26 00:25:21 frhb56441ds sshd[9870]: Failed password for root from 68.183.128.56 port 51636 ssh2
Feb 26 00:25:23 frhb56441ds sshd[9883]: pam_unix(sshd:auth): authentication failure; logname= uid=0 euid=0 tty=ssh ruserFeb 26 00:25:23 frhb56441ds sshd[9870]: Failed password for root from 68.183.128.56 port 51636 ssh2
Feb 26 00:25:23 frhb56441ds sshd[9870]: error: maximum authentication attempts exceeded for root from 68.183.128.56 portFeb 26 00:25:23 frhb56441ds sshd[9870]: Disconnecting authenticating user root 68.183.128.56 port 51636: Too many authenFeb 26 00:25:23 frhb56441ds sshd[9870]: PAM 5 more authentication failures; logname= uid=0 euid=0 tty=ssh ruser= rhost=6Feb 26 00:25:23 frhb56441ds sshd[9870]: PAM service(sshd) ignoring max retries; 6 > 3
Feb 26 00:25:24 frhb56441ds sshd[9887]: pam_unix(sshd:auth): authentication failure; logname= uid=0 euid=0 tty=ssh ruserFeb 26 00:25:25 frhb56441ds sshd[9889]: pam_unix(sshd:auth): authentication failure; logname= uid=0 euid=0 tty=ssh ruserFeb 26 00:25:25 frhb56441ds sshd[9883]: Failed password for root from 113.31.119.122 port 57600 ssh2
Feb 26 00:25:25 frhb56441ds sshd[9887]: Failed password for root from 68.183.128.56 port 52446 ssh2
Feb 26 00:25:26 frhb56441ds sshd[9883]: Received disconnect from 113.31.119.122 port 57600:11: Bye Bye [preauth]
Feb 26 00:25:26 frhb56441ds sshd[9883]: Disconnected from authenticating user root 113.31.119.122 port 57600 [preauth]
Feb 26 00:25:26 frhb56441ds sshd[9889]: Failed password for root from 49.233.68.90 port 39689 ssh2
Feb 26 00:25:27 frhb56441ds sshd[9889]: Received disconnect from 49.233.68.90 port 39689:11: Bye Bye [preauth]
Feb 26 00:25:27 frhb56441ds sshd[9889]: Disconnected from authenticating user root 49.233.68.90 port 39689 [preauth]
Feb 26 00:25:27 frhb56441ds sshd[9887]: Failed password for root from 68.183.128.56 port 52446 ssh2
Feb 26 00:25:29 frhb56441ds sshd[9887]: Failed password for root from 68.183.128.56 port 52446 ssh2
Feb 26 00:25:30 frhb56441ds sudo[9891]: telegraf : TTY=unknown ; PWD=/ ; USER=root ; COMMAND=/bin/su -c /root/solana/solFeb 26 00:25:30 frhb56441ds sudo[9891]: pam_unix(sudo:session): session opened for user root by (uid=0)
Feb 26 00:25:30 frhb56441ds su[9892]: Successful su for root by root
Feb 26 00:25:30 frhb56441ds su[9892]: + ??? root:root
Feb 26 00:25:30 frhb56441ds su[9892]: pam_unix(su:session): session opened for user root by (uid=0)
Feb 26 00:25:30 frhb56441ds systemd-logind[1138]: New session c5448 of user root.
Feb 26 00:25:30 frhb56441ds systemd[1]: Started Session c5448 of user root.
Feb 26 00:25:31 frhb56441ds sshd[9887]: Failed password for root from 68.183.128.56 port 52446 ssh2
Feb 26 00:25:33 frhb56441ds su[9892]: pam_unix(su:session): session closed for user root
Feb 26 00:25:33 frhb56441ds sudo[9891]: pam_unix(sudo:session): session closed for user root
Feb 26 00:25:33 frhb56441ds systemd-logind[1138]: Removed session c5448.
Feb 26 00:25:33 frhb56441ds sshd[9887]: Failed password for root from 68.183.128.56 port 52446 ssh2
Feb 26 00:25:35 frhb56441ds sshd[9887]: Failed password for root from 68.183.128.56 port 52446 ssh2
Feb 26 00:25:35 frhb56441ds sshd[9887]: error: maximum authentication attempts exceeded for root from 68.183.128.56 portFeb 26 00:25:35 frhb56441ds sshd[9887]: Disconnecting authenticating user root 68.183.128.56 port 52446: Too many authenFeb 26 00:25:35 frhb56441ds sshd[9887]: PAM 5 more authentication failures; logname= uid=0 euid=0 tty=ssh ruser= rhost=6Feb 26 00:25:35 frhb56441ds sshd[9887]: PAM service(sshd) ignoring max retries; 6 > 3
Feb 26 00:25:36 frhb56441ds sshd[10028]: pam_unix(sshd:auth): authentication failure; logname= uid=0 euid=0 tty=ssh ruseFeb 26 00:25:37 frhb56441ds sshd[10028]: Failed password for root from 68.183.128.56 port 53314 ssh2
Feb 26 00:25:39 frhb56441ds sshd[10028]: Failed password for root from 68.183.128.56 port 53314 ssh2
Feb 26 00:25:42 frhb56441ds sshd[10028]: Failed password for root from 68.183.128.56 port 53314 ssh2
Feb 26 00:25:44 frhb56441ds sshd[10028]: Failed password for root from 68.183.128.56 port 53314 ssh2
Feb 26 00:25:44 frhb56441ds sshd[10032]: pam_unix(sshd:auth): authentication failure; logname= uid=0 euid=0 tty=ssh ruseFeb 26 00:25:46 frhb56441ds sshd[10028]: Failed password for root from 68.183.128.56 port 53314 ssh2
Feb 26 00:25:46 frhb56441ds sshd[10032]: Failed password for root from 178.62.182.246 port 36837 ssh2
Feb 26 00:25:46 frhb56441ds sshd[10032]: Received disconnect from 178.62.182.246 port 36837:11: Bye Bye [preauth]
Feb 26 00:25:46 frhb56441ds sshd[10032]: Disconnected from authenticating user root 178.62.182.246 port 36837 [preauth]
Feb 26 00:25:48 frhb56441ds sshd[10028]: Failed password for root from 68.183.128.56 port 53314 ssh2
Feb 26 00:25:48 frhb56441ds sshd[10028]: error: maximum authentication attempts exceeded for root from 68.183.128.56 porFeb 26 00:25:48 frhb56441ds sshd[10028]: Disconnecting authenticating user root 68.183.128.56 port 53314: Too many autheFeb 26 00:25:48 frhb56441ds sshd[10028]: PAM 5 more authentication failures; logname= uid=0 euid=0 tty=ssh ruser= rhost=Feb 26 00:25:48 frhb56441ds sshd[10028]: PAM service(sshd) ignoring max retries; 6 > 3
Feb 26 00:25:48 frhb56441ds sshd[10034]: pam_unix(sshd:auth): authentication failure; logname= uid=0 euid=0 tty=ssh ruseFeb 26 00:25:50 frhb56441ds sshd[10034]: Failed password for root from 68.183.128.56 port 54114 ssh2
Feb 26 00:25:51 frhb56441ds sshd[10034]: Failed password for root from 68.183.128.56 port 54114 ssh2
Feb 26 00:25:53 frhb56441ds sshd[10038]: pam_unix(sshd:auth): authentication failure; logname= uid=0 euid=0 tty=ssh ruseFeb 26 00:25:54 frhb56441ds sshd[10034]: Failed password for root from 68.183.128.56 port 54114 ssh2
Feb 26 00:25:54 frhb56441ds sshd[10036]: pam_unix(sshd:auth): authentication failure; logname= uid=0 euid=0 tty=ssh ruseFeb 26 00:25:55 frhb56441ds sshd[10038]: Failed password for root from 1.226.12.132 port 59342 ssh2
Feb 26 00:25:55 frhb56441ds sshd[10038]: Received disconnect from 1.226.12.132 port 59342:11: Bye Bye [preauth]
Feb 26 00:25:55 frhb56441ds sshd[10038]: Disconnected from authenticating user root 1.226.12.132 port 59342 [preauth]
Feb 26 00:25:56 frhb56441ds sshd[10036]: Failed password for root from 165.22.98.186 port 41272 ssh2
Feb 26 00:25:56 frhb56441ds sshd[10034]: Failed password for root from 68.183.128.56 port 54114 ssh2
Feb 26 00:25:56 frhb56441ds sshd[10036]: Received disconnect from 165.22.98.186 port 41272:11: Bye Bye [preauth]
Feb 26 00:25:56 frhb56441ds sshd[10036]: Disconnected from authenticating user root 165.22.98.186 port 41272 [preauth]
Feb 26 00:25:57 frhb56441ds sshd[10034]: Failed password for root from 68.183.128.56 port 54114 ssh2
Feb 26 00:25:59 frhb56441ds sshd[10042]: pam_unix(sshd:auth): authentication failure; logname= uid=0 euid=0 tty=ssh ruseFeb 26 00:26:00 frhb56441ds sudo[10044]: telegraf : TTY=unknown ; PWD=/ ; USER=root ; COMMAND=/bin/su -c /root/solana/soFeb 26 00:26:00 frhb56441ds sudo[10044]: pam_unix(sudo:session): session opened for user root by (uid=0)
Feb 26 00:26:00 frhb56441ds su[10045]: Successful su for root by root
Feb 26 00:26:00 frhb56441ds su[10045]: + ??? root:root
Feb 26 00:26:00 frhb56441ds su[10045]: pam_unix(su:session): session opened for user root by (uid=0)
Feb 26 00:26:00 frhb56441ds systemd-logind[1138]: New session c5449 of user root.
Feb 26 00:26:00 frhb56441ds systemd[1]: Started Session c5449 of user root.
Feb 26 00:26:00 frhb56441ds sshd[10034]: Failed password for root from 68.183.128.56 port 54114 ssh2
Feb 26 00:26:00 frhb56441ds sshd[10034]: error: maximum authentication attempts exceeded for root from 68.183.128.56 porFeb 26 00:26:00 frhb56441ds sshd[10034]: Disconnecting authenticating user root 68.183.128.56 port 54114: Too many autheFeb 26 00:26:00 frhb56441ds sshd[10034]: PAM 5 more authentication failures; logname= uid=0 euid=0 tty=ssh ruser= rhost=Feb 26 00:26:00 frhb56441ds sshd[10034]: PAM service(sshd) ignoring max retries; 6 > 3
Feb 26 00:26:00 frhb56441ds sshd[10071]: pam_unix(sshd:auth): authentication failure; logname= uid=0 euid=0 tty=ssh ruseFeb 26 00:26:01 frhb56441ds sshd[10042]: Failed password for root from 117.196.195.60 port 63265 ssh2
Feb 26 00:26:01 frhb56441ds sshd[10042]: Received disconnect from 117.196.195.60 port 63265:11: Bye Bye [preauth]
Feb 26 00:26:01 frhb56441ds sshd[10042]: Disconnected from authenticating user root 117.196.195.60 port 63265 [preauth]
Feb 26 00:26:02 frhb56441ds sshd[10071]: Failed password for root from 68.183.128.56 port 54916 ssh2
Feb 26 00:26:03 frhb56441ds su[10045]: pam_unix(su:session): session closed for user root
Feb 26 00:26:03 frhb56441ds sudo[10044]: pam_unix(sudo:session): session closed for user root
Feb 26 00:26:03 frhb56441ds systemd-logind[1138]: Removed session c5449.
Feb 26 00:26:04 frhb56441ds sshd[10071]: Failed password for root from 68.183.128.56 port 54916 ssh2
Feb 26 00:26:06 frhb56441ds sshd[10071]: Failed password for root from 68.183.128.56 port 54916 ssh2
Feb 26 00:26:08 frhb56441ds sshd[10071]: Failed password for root from 68.183.128.56 port 54916 ssh2
Feb 26 00:26:09 frhb56441ds sshd[10071]: Failed password for root from 68.183.128.56 port 54916 ssh2
Feb 26 00:26:11 frhb56441ds sshd[10071]: Failed password for root from 68.183.128.56 port 54916 ssh2
Feb 26 00:26:11 frhb56441ds sshd[10071]: error: maximum authentication attempts exceeded for root from 68.183.128.56 porFeb 26 00:26:11 frhb56441ds sshd[10071]: Disconnecting authenticating user root 68.183.128.56 port 54916: Too many autheFeb 26 00:26:11 frhb56441ds sshd[10071]: PAM 5 more authentication failures; logname= uid=0 euid=0 tty=ssh ruser= rhost=Feb 26 00:26:11 frhb56441ds sshd[10071]: PAM service(sshd) ignoring max retries; 6 > 3
Feb 26 00:26:12 frhb56441ds sshd[10183]: pam_unix(sshd:auth): authentication failure; logname= uid=0 euid=0 tty=ssh ruseFeb 26 00:26:13 frhb56441ds sshd[10183]: Failed password for root from 68.183.128.56 port 55632 ssh2
Feb 26 00:26:15 frhb56441ds sshd[10183]: Failed password for root from 68.183.128.56 port 55632 ssh2
Feb 26 00:26:17 frhb56441ds sshd[10183]: Failed password for root from 68.183.128.56 port 55632 ssh2
Feb 26 00:26:19 frhb56441ds sshd[10183]: Failed password for root from 68.183.128.56 port 55632 ssh2
Feb 26 00:26:19 frhb56441ds sshd[10187]: Connection closed by 80.93.83.116 port 46239 [preauth]
Feb 26 00:26:20 frhb56441ds sshd[10189]: Connection closed by 80.93.83.116 port 46273 [preauth]
Feb 26 00:26:21 frhb56441ds sshd[10183]: Failed password for root from 68.183.128.56 port 55632 ssh2
Feb 26 00:26:23 frhb56441ds sshd[10183]: Failed password for root from 68.183.128.56 port 55632 ssh2
Feb 26 00:26:23 frhb56441ds sshd[10183]: error: maximum authentication attempts exceeded for root from 68.183.128.56 porFeb 26 00:26:23 frhb56441ds sshd[10183]: Disconnecting authenticating user root 68.183.128.56 port 55632: Too many autheFeb 26 00:26:23 frhb56441ds sshd[10183]: PAM 5 more authentication failures; logname= uid=0 euid=0 tty=ssh ruser= rhost=Feb 26 00:26:23 frhb56441ds sshd[10183]: PAM service(sshd) ignoring max retries; 6 > 3
Feb 26 00:26:24 frhb56441ds sshd[10195]: pam_unix(sshd:auth): authentication failure; logname= uid=0 euid=0 tty=ssh ruseFeb 26 00:26:24 frhb56441ds sshd[10193]: pam_unix(sshd:auth): authentication failure; logname= uid=0 euid=0 tty=ssh ruseFeb 26 00:26:25 frhb56441ds sshd[10197]: pam_unix(sshd:auth): authentication failure; logname= uid=0 euid=0 tty=ssh ruseFeb 26 00:26:25 frhb56441ds sshd[10195]: Failed password for root from 68.183.128.56 port 56464 ssh2
Feb 26 00:26:26 frhb56441ds sshd[10193]: Failed password for root from 123.155.214.241 port 35301 ssh2
Feb 26 00:26:26 frhb56441ds sshd[10193]: Received disconnect from 123.155.214.241 port 35301:11: Bye Bye [preauth]
Feb 26 00:26:26 frhb56441ds sshd[10193]: Disconnected from authenticating user root 123.155.214.241 port 35301 [preauth]Feb 26 00:26:27 frhb56441ds sshd[10197]: Failed password for root from 42.192.37.232 port 49738 ssh2
Feb 26 00:26:27 frhb56441ds sshd[10197]: Received disconnect from 42.192.37.232 port 49738:11: Bye Bye [preauth]
Feb 26 00:26:27 frhb56441ds sshd[10197]: Disconnected from authenticating user root 42.192.37.232 port 49738 [preauth]
Feb 26 00:26:28 frhb56441ds sshd[10195]: Failed password for root from 68.183.128.56 port 56464 ssh2
Feb 26 00:26:30 frhb56441ds sudo[10199]: telegraf : TTY=unknown ; PWD=/ ; USER=root ; COMMAND=/bin/su -c /root/solana/soFeb 26 00:26:30 frhb56441ds sudo[10199]: pam_unix(sudo:session): session opened for user root by (uid=0)
Feb 26 00:26:30 frhb56441ds su[10200]: Successful su for root by root
Feb 26 00:26:30 frhb56441ds su[10200]: + ??? root:root
Feb 26 00:26:30 frhb56441ds su[10200]: pam_unix(su:session): session opened for user root by (uid=0)
Feb 26 00:26:30 frhb56441ds systemd-logind[1138]: New session c5450 of user root.
Feb 26 00:26:30 frhb56441ds systemd[1]: Started Session c5450 of user root.
Feb 26 00:26:30 frhb56441ds sshd[10195]: Failed password for root from 68.183.128.56 port 56464 ssh2
Feb 26 00:26:31 frhb56441ds sshd[10195]: Failed password for root from 68.183.128.56 port 56464 ssh2
Feb 26 00:26:33 frhb56441ds su[10200]: pam_unix(su:session): session closed for user root
Feb 26 00:26:33 frhb56441ds sudo[10199]: pam_unix(sudo:session): session closed for user root
Feb 26 00:26:33 frhb56441ds systemd-logind[1138]: Removed session c5450.
Feb 26 00:26:33 frhb56441ds sshd[10195]: Failed password for root from 68.183.128.56 port 56464 ssh2
Feb 26 00:26:35 frhb56441ds sshd[10195]: Failed password for root from 68.183.128.56 port 56464 ssh2
Feb 26 00:26:20 frhb56441ds sshd[10189]: Connection closed by 80.93.83.116 port 46273 [preauth]
Feb 26 00:26:21 frhb56441ds sshd[10183]: Failed password for root from 68.183.128.56 port 55632 ssh2
Feb 26 00:26:23 frhb56441ds sshd[10183]: Failed password for root from 68.183.128.56 port 55632 ssh2
Feb 26 00:26:23 frhb56441ds sshd[10183]: error: maximum authentication attempts exceeded for root from 68.183.128.56 porFeb 26 00:26:23 frhb56441ds sshd[10183]: Disconnecting authenticating user root 68.183.128.56 port 55632: Too many autheFeb 26 00:26:23 frhb56441ds sshd[10183]: PAM 5 more authentication failures; logname= uid=0 euid=0 tty=ssh ruser= rhost=Feb 26 00:26:23 frhb56441ds sshd[10183]: PAM service(sshd) ignoring max retries; 6 > 3
Feb 26 00:26:24 frhb56441ds sshd[10195]: pam_unix(sshd:auth): authentication failure; logname= uid=0 euid=0 tty=ssh ruseFeb 26 00:26:24 frhb56441ds sshd[10193]: pam_unix(sshd:auth): authentication failure; logname= uid=0 euid=0 tty=ssh ruseFeb 26 00:26:25 frhb56441ds sshd[10197]: pam_unix(sshd:auth): authentication failure; logname= uid=0 euid=0 tty=ssh ruseFeb 26 00:26:25 frhb56441ds sshd[10195]: Failed password for root from 68.183.128.56 port 56464 ssh2
Feb 26 00:26:26 frhb56441ds sshd[10193]: Failed password for root from 123.155.214.241 port 35301 ssh2
Feb 26 00:26:26 frhb56441ds sshd[10193]: Received disconnect from 123.155.214.241 port 35301:11: Bye Bye [preauth]
Feb 26 00:26:26 frhb56441ds sshd[10193]: Disconnected from authenticating user root 123.155.214.241 port 35301 [preauth]Feb 26 00:26:27 frhb56441ds sshd[10197]: Failed password for root from 42.192.37.232 port 49738 ssh2
Feb 26 00:26:27 frhb56441ds sshd[10197]: Received disconnect from 42.192.37.232 port 49738:11: Bye Bye [preauth]
Feb 26 00:26:27 frhb56441ds sshd[10197]: Disconnected from authenticating user root 42.192.37.232 port 49738 [preauth]
Feb 26 00:26:28 frhb56441ds sshd[10195]: Failed password for root from 68.183.128.56 port 56464 ssh2
Feb 26 00:26:30 frhb56441ds sudo[10199]: telegraf : TTY=unknown ; PWD=/ ; USER=root ; COMMAND=/bin/su -c /root/solana/soFeb 26 00:26:30 frhb56441ds sudo[10199]: pam_unix(sudo:session): session opened for user root by (uid=0)
Feb 26 00:26:30 frhb56441ds su[10200]: Successful su for root by root
Feb 26 00:26:30 frhb56441ds su[10200]: + ??? root:root
Feb 26 00:26:30 frhb56441ds su[10200]: pam_unix(su:session): session opened for user root by (uid=0)
Feb 26 00:26:30 frhb56441ds systemd-logind[1138]: New session c5450 of user root.
Feb 26 00:26:30 frhb56441ds systemd[1]: Started Session c5450 of user root.
Feb 26 00:26:30 frhb56441ds sshd[10195]: Failed password for root from 68.183.128.56 port 56464 ssh2
Feb 26 00:26:31 frhb56441ds sshd[10195]: Failed password for root from 68.183.128.56 port 56464 ssh2
Feb 26 00:26:33 frhb56441ds su[10200]: pam_unix(su:session): session closed for user root
Feb 26 00:26:33 frhb56441ds sudo[10199]: pam_unix(sudo:session): session closed for user root
Feb 26 00:26:33 frhb56441ds systemd-logind[1138]: Removed session c5450.
Feb 26 00:26:33 frhb56441ds sshd[10195]: Failed password for root from 68.183.128.56 port 56464 ssh2
Feb 26 00:26:35 frhb56441ds sshd[10195]: Failed password for root from 68.183.128.56 port 56464 ssh2
Feb 26 00:26:35 frhb56441ds sshd[10195]: error: maximum authentication attempts exceeded for root from 68.183.128.56 porFeb 26 00:26:35 frhb56441ds sshd[10195]: Disconnecting authenticating user root 68.183.128.56 port 56464: Too many autheFeb 26 00:26:35 frhb56441ds sshd[10195]: PAM 5 more authentication failures; logname= uid=0 euid=0 tty=ssh ruser= rhost=Feb 26 00:26:35 frhb56441ds sshd[10195]: PAM service(sshd) ignoring max retries; 6 > 3
Feb 26 00:26:36 frhb56441ds sshd[10335]: pam_unix(sshd:auth): authentication failure; logname= uid=0 euid=0 tty=ssh ruseFeb 26 00:26:37 frhb56441ds sshd[10335]: Failed password for root from 68.183.128.56 port 57296 ssh2
Feb 26 00:26:39 frhb56441ds sshd[10335]: Failed password for root from 68.183.128.56 port 57296 ssh2
Feb 26 00:26:42 frhb56441ds sshd[10335]: Failed password for root from 68.183.128.56 port 57296 ssh2
Feb 26 00:26:42 frhb56441ds sshd[10337]: pam_unix(sshd:auth): authentication failure; logname= uid=0 euid=0 tty=ssh ruseFeb 26 00:26:43 frhb56441ds sshd[10335]: Failed password for root from 68.183.128.56 port 57296 ssh2
Feb 26 00:26:43 frhb56441ds sshd[10337]: Failed password for root from 138.68.176.38 port 55324 ssh2
Feb 26 00:26:43 frhb56441ds sshd[10337]: Received disconnect from 138.68.176.38 port 55324:11: Bye Bye [preauth]
Feb 26 00:26:43 frhb56441ds sshd[10337]: Disconnected from authenticating user root 138.68.176.38 port 55324 [preauth]
Feb 26 00:26:45 frhb56441ds sshd[10335]: Failed password for root from 68.183.128.56 port 57296 ssh2
Feb 26 00:26:46 frhb56441ds sshd[10341]: pam_unix(sshd:auth): authentication failure; logname= uid=0 euid=0 tty=ssh ruseFeb 26 00:26:47 frhb56441ds sshd[10335]: Failed password for root from 68.183.128.56 port 57296 ssh2
Feb 26 00:26:47 frhb56441ds sshd[10335]: error: maximum authentication attempts exceeded for root from 68.183.128.56 porFeb 26 00:26:47 frhb56441ds sshd[10335]: Disconnecting authenticating user root 68.183.128.56 port 57296: Too many autheFeb 26 00:26:47 frhb56441ds sshd[10335]: PAM 5 more authentication failures; logname= uid=0 euid=0 tty=ssh ruser= rhost=Feb 26 00:26:47 frhb56441ds sshd[10335]: PAM service(sshd) ignoring max retries; 6 > 3
Feb 26 00:26:48 frhb56441ds sshd[10341]: Failed password for root from 182.254.151.2 port 37000 ssh2
Feb 26 00:26:48 frhb56441ds sshd[10341]: Received disconnect from 182.254.151.2 port 37000:11: Bye Bye [preauth]
Feb 26 00:26:48 frhb56441ds sshd[10341]: Disconnected from authenticating user root 182.254.151.2 port 37000 [preauth]
Feb 26 00:26:48 frhb56441ds sshd[10343]: pam_unix(sshd:auth): authentication failure; logname= uid=0 euid=0 tty=ssh ruseFeb 26 00:26:50 frhb56441ds systemd[1]: Stopping Solana TdS node...
Feb 26 00:26:50 frhb56441ds sshd[10343]: Failed password for root from 68.183.128.56 port 58152 ssh2
Feb 26 00:26:51 frhb56441ds systemd[1]: solana.service: Main process exited, code=dumped, status=3/QUIT
Feb 26 00:26:51 frhb56441ds systemd[1]: solana.service: Failed with result 'core-dump'.
Feb 26 00:26:51 frhb56441ds systemd[1]: Stopped Solana TdS node.
Feb 26 00:26:51 frhb56441ds systemd[1]: Started Solana TdS node.
Feb 26 00:26:51 frhb56441ds solana-validator[10350]: log file: /root/solana/solana.log
